/home/kamil/Dokumenty/McuXpressoIDE/sch_embedded_controller/device/LPC55S69_cm33_core0.h:31258:24:Chip_GetVersion	16	static
/home/kamil/Dokumenty/McuXpressoIDE/sch_embedded_controller/drivers/fsl_clock.h:983:20:CLOCK_EnableClock	24	static
/home/kamil/Dokumenty/McuXpressoIDE/sch_embedded_controller/drivers/fsl_iocon.h:182:22:IOCON_PinMuxSet	24	static
../board/pin_mux.c:31:6:BOARD_InitBootPins	8	static
../board/pin_mux.c:58:6:BOARD_InitDEBUG_UARTPins	16	static
../board/pin_mux.c:117:6:BOARD_InitSWD_DEBUGPins	32	static
../board/pin_mux.c:250:6:BOARD_InitUSBPins	32	static
../board/pin_mux.c:354:6:BOARD_InitLEDsPins	32	static
../board/pin_mux.c:453:6:BOARD_InitBUTTONsPins	40	static
../board/pin_mux.c:590:6:BOARD_InitI2SPins	48	static
../board/pin_mux.c:756:6:BOARD_InitACCELPins	24	static
../board/pin_mux.c:838:6:MWM_InitPins	8	static
