Archive member included to satisfy reference by file (symbol)

/usr/local/mcuxpressoide-11.8.1_1197/ide/plugins/com.nxp.mcuxpresso.tools.linux_11.8.1.202308071233/tools/bin/../lib/gcc/arm-none-eabi/12.2.1/../../../../arm-none-eabi/lib/thumb/v8-m.main+fp/hard/libcr_nohost_nf.a(_cr__main.o)
                              ./startup/startup_lpc55s69_cm33_core0.o (__main)
/usr/local/mcuxpressoide-11.8.1_1197/ide/plugins/com.nxp.mcuxpresso.tools.linux_11.8.1.202308071233/tools/bin/../lib/gcc/arm-none-eabi/12.2.1/../../../../arm-none-eabi/lib/thumb/v8-m.main+fp/hard/libcr_c.a(memcpy.o)
                              ./utilities/fsl_str.o (memcpy)
/usr/local/mcuxpressoide-11.8.1_1197/ide/plugins/com.nxp.mcuxpresso.tools.linux_11.8.1.202308071233/tools/bin/../lib/gcc/arm-none-eabi/12.2.1/../../../../arm-none-eabi/lib/thumb/v8-m.main+fp/hard/libcr_c.a(memset.o)
                              ./utilities/fsl_debug_console.o (memset)
/usr/local/mcuxpressoide-11.8.1_1197/ide/plugins/com.nxp.mcuxpresso.tools.linux_11.8.1.202308071233/tools/bin/../lib/gcc/arm-none-eabi/12.2.1/../../../../arm-none-eabi/lib/thumb/v8-m.main+fp/hard/libcr_c.a(alloc.o)
                              ./drivers/fsl_common.o (malloc)
/usr/local/mcuxpressoide-11.8.1_1197/ide/plugins/com.nxp.mcuxpresso.tools.linux_11.8.1.202308071233/tools/bin/../lib/gcc/arm-none-eabi/12.2.1/../../../../arm-none-eabi/lib/thumb/v8-m.main+fp/hard/libcr_c.a(errno.o)
                              ./utilities/fsl_str.o (errno)
/usr/local/mcuxpressoide-11.8.1_1197/ide/plugins/com.nxp.mcuxpresso.tools.linux_11.8.1.202308071233/tools/bin/../lib/gcc/arm-none-eabi/12.2.1/../../../../arm-none-eabi/lib/thumb/v8-m.main+fp/hard/libcr_c.a(fpprintf.o)
                              ./source/wlan_mwm.o (sprintf)
/usr/local/mcuxpressoide-11.8.1_1197/ide/plugins/com.nxp.mcuxpresso.tools.linux_11.8.1.202308071233/tools/bin/../lib/gcc/arm-none-eabi/12.2.1/../../../../arm-none-eabi/lib/thumb/v8-m.main+fp/hard/libcr_c.a(initio.o)
                              /usr/local/mcuxpressoide-11.8.1_1197/ide/plugins/com.nxp.mcuxpresso.tools.linux_11.8.1.202308071233/tools/bin/../lib/gcc/arm-none-eabi/12.2.1/../../../../arm-none-eabi/lib/thumb/v8-m.main+fp/hard/libcr_nohost_nf.a(_cr__main.o) (_initio)
/usr/local/mcuxpressoide-11.8.1_1197/ide/plugins/com.nxp.mcuxpresso.tools.linux_11.8.1.202308071233/tools/bin/../lib/gcc/arm-none-eabi/12.2.1/../../../../arm-none-eabi/lib/thumb/v8-m.main+fp/hard/libcr_c.a(modf.o)
                              ./utilities/fsl_str.o (modf)
/usr/local/mcuxpressoide-11.8.1_1197/ide/plugins/com.nxp.mcuxpresso.tools.linux_11.8.1.202308071233/tools/bin/../lib/gcc/arm-none-eabi/12.2.1/../../../../arm-none-eabi/lib/thumb/v8-m.main+fp/hard/libcr_c.a(pow.o)
                              ./utilities/fsl_str.o (pow)
/usr/local/mcuxpressoide-11.8.1_1197/ide/plugins/com.nxp.mcuxpresso.tools.linux_11.8.1.202308071233/tools/bin/../lib/gcc/arm-none-eabi/12.2.1/../../../../arm-none-eabi/lib/thumb/v8-m.main+fp/hard/libcr_c.a(printf.o)
                              /usr/local/mcuxpressoide-11.8.1_1197/ide/plugins/com.nxp.mcuxpresso.tools.linux_11.8.1.202308071233/tools/bin/../lib/gcc/arm-none-eabi/12.2.1/../../../../arm-none-eabi/lib/thumb/v8-m.main+fp/hard/libcr_c.a(fpprintf.o) (__vfprintf)
/usr/local/mcuxpressoide-11.8.1_1197/ide/plugins/com.nxp.mcuxpresso.tools.linux_11.8.1.202308071233/tools/bin/../lib/gcc/arm-none-eabi/12.2.1/../../../../arm-none-eabi/lib/thumb/v8-m.main+fp/hard/libcr_c.a(scanf.o)
                              ./component/serial_mwm/serial_mwm.o (strtol)
/usr/local/mcuxpressoide-11.8.1_1197/ide/plugins/com.nxp.mcuxpresso.tools.linux_11.8.1.202308071233/tools/bin/../lib/gcc/arm-none-eabi/12.2.1/../../../../arm-none-eabi/lib/thumb/v8-m.main+fp/hard/libcr_c.a(setvbuf.o)
                              /usr/local/mcuxpressoide-11.8.1_1197/ide/plugins/com.nxp.mcuxpresso.tools.linux_11.8.1.202308071233/tools/bin/../lib/gcc/arm-none-eabi/12.2.1/../../../../arm-none-eabi/lib/thumb/v8-m.main+fp/hard/libcr_c.a(initio.o) (setvbuf)
/usr/local/mcuxpressoide-11.8.1_1197/ide/plugins/com.nxp.mcuxpresso.tools.linux_11.8.1.202308071233/tools/bin/../lib/gcc/arm-none-eabi/12.2.1/../../../../arm-none-eabi/lib/thumb/v8-m.main+fp/hard/libcr_c.a(strcmp.o)
                              ./source/wlan_mwm.o (strcmp)
/usr/local/mcuxpressoide-11.8.1_1197/ide/plugins/com.nxp.mcuxpresso.tools.linux_11.8.1.202308071233/tools/bin/../lib/gcc/arm-none-eabi/12.2.1/../../../../arm-none-eabi/lib/thumb/v8-m.main+fp/hard/libcr_c.a(strcpy.o)
                              ./component/serial_mwm/serial_mwm.o (strcpy)
/usr/local/mcuxpressoide-11.8.1_1197/ide/plugins/com.nxp.mcuxpresso.tools.linux_11.8.1.202308071233/tools/bin/../lib/gcc/arm-none-eabi/12.2.1/../../../../arm-none-eabi/lib/thumb/v8-m.main+fp/hard/libcr_c.a(strlen.o)
                              ./utilities/fsl_str.o (strlen)
[...]
Memory Configuration

Name             Origin             Length             Attributes
PROGRAM_FLASH    0x0000000000000000 0x000000000009d800 xr
SRAM             0x0000000020000000 0x0000000000040000 xrw
SRAMX            0x0000000004000000 0x0000000000008000 xrw
USB_RAM          0x0000000040100000 0x0000000000004000 xrw
SRAM4            0x0000000020040000 0x0000000000004000 xrw
*default*        0x0000000000000000 0xffffffffffffffff

Linker script and memory map

LOAD ./utilities/fsl_assert.o
LOAD ./utilities/fsl_debug_console.o
LOAD ./utilities/fsl_str.o
LOAD ./startup/boot_multicore_slave.o
LOAD ./startup/startup_lpc55s69_cm33_core0.o
LOAD ./source/sch_embedded_controller.o
LOAD ./source/semihost_hardfault.o
LOAD ./source/wlan_mwm.o
LOAD ./freertos/freertos-kernel/portable/MemMang/heap_4.o
LOAD ./freertos/freertos-kernel/portable/GCC/ARM_CM33_NTZ/non_secure/port.o
LOAD ./freertos/freertos-kernel/portable/GCC/ARM_CM33_NTZ/non_secure/portasm.o
LOAD ./freertos/freertos-kernel/croutine.o
LOAD ./freertos/freertos-kernel/event_groups.o
LOAD ./freertos/freertos-kernel/list.o
LOAD ./freertos/freertos-kernel/queue.o
LOAD ./freertos/freertos-kernel/stream_buffer.o
LOAD ./freertos/freertos-kernel/tasks.o
LOAD ./freertos/freertos-kernel/timers.o
LOAD ./drivers/freertos/fsl_usart_freertos.o
LOAD ./drivers/fsl_clock.o
LOAD ./drivers/fsl_common.o
LOAD ./drivers/fsl_common_arm.o
LOAD ./drivers/fsl_flexcomm.o
LOAD ./drivers/fsl_gpio.o
LOAD ./drivers/fsl_i2c.o
LOAD ./drivers/fsl_power.o
LOAD ./drivers/fsl_reset.o
LOAD ./drivers/fsl_usart.o
LOAD ./device/system_LPC55S69_cm33_core0.o
LOAD ./component/uart/fsl_adapter_usart.o
LOAD ./component/serial_mwm/serial_mwm.o
LOAD ./component/serial_mwm/serial_mwm_usart.o
LOAD ./component/serial_manager/fsl_component_serial_manager.o
LOAD ./component/serial_manager/fsl_component_serial_port_uart.o
LOAD ./component/lists/fsl_component_generic_list.o
LOAD ./board/board.o
LOAD ./board/clock_config.o
LOAD ./board/peripherals.o
LOAD ./board/pin_mux.o
START GROUP
LOAD /usr/local/mcuxpressoide-11.8.1_1197/ide/plugins/com.nxp.mcuxpresso.tools.linux_11.8.1.202308071233/tools/bin/../lib/gcc/arm-none-eabi/12.2.1/../../../../arm-none-eabi/lib/thumb/v8-m.main+fp/hard/libcr_nohost_nf.a
LOAD /usr/local/mcuxpressoide-11.8.1_1197/ide/plugins/com.nxp.mcuxpresso.tools.linux_11.8.1.202308071233/tools/bin/../lib/gcc/arm-none-eabi/12.2.1/../../../../arm-none-eabi/lib/thumb/v8-m.main+fp/hard/libcr_c.a
LOAD /usr/local/mcuxpressoide-11.8.1_1197/ide/plugins/com.nxp.mcuxpresso.tools.linux_11.8.1.202308071233/tools/bin/../lib/gcc/arm-none-eabi/12.2.1/thumb/v8-m.main+fp/hard/libcr_eabihelpers.a
LOAD /usr/local/mcuxpressoide-11.8.1_1197/ide/plugins/com.nxp.mcuxpresso.tools.linux_11.8.1.202308071233/tools/bin/../lib/gcc/arm-none-eabi/12.2.1/thumb/v8-m.main+fp/hard/libgcc.a
END GROUP
                0x0000000000000000                __base_PROGRAM_FLASH = 0x0
                0x0000000000000000                __base_Flash = 0x0
                0x000000000009d800                __top_PROGRAM_FLASH = 0x9d800
                0x000000000009d800                __top_Flash = 0x9d800
                0x0000000020000000                __base_SRAM = 0x20000000
                0x0000000020000000                __base_RAM = 0x20000000
                0x0000000020040000                __top_SRAM = 0x20040000
                0x0000000020040000                __top_RAM = 0x20040000
                0x0000000004000000                __base_SRAMX = 0x4000000
                0x0000000004000000                __base_RAM2 = 0x4000000
                0x0000000004008000                __top_SRAMX = 0x4008000
                0x0000000004008000                __top_RAM2 = 0x4008000
                0x0000000040100000                __base_USB_RAM = 0x40100000
                0x0000000040100000                __base_RAM3 = 0x40100000
                0x0000000040104000                __top_USB_RAM = 0x40104000
                0x0000000040104000                __top_RAM3 = 0x40104000
                0x0000000020040000                __base_SRAM4 = 0x20040000
                0x0000000020040000                __base_RAM4 = 0x20040000
                0x0000000020044000                __top_SRAM4 = 0x20044000
                0x0000000020044000                __top_RAM4 = 0x20044000

.text           0x0000000000000000     0xc81c
 FILL mask 0xff
                0x0000000000000000                __vectors_start__ = ABSOLUTE (.)
 *(SORT_BY_ALIGNMENT(.isr_vector))
 .isr_vector    0x0000000000000000      0x130 ./startup/startup_lpc55s69_cm33_core0.o
                0x0000000000000000                __Vectors
                0x0000000000000000                g_pfnVectors
                0x0000000000000130                . = ALIGN (0x4)
                0x0000000000000130                __section_table_start = .
                0x0000000000000130                __data_section_table = .
                0x0000000000000130        0x4 LONG 0xc81c LOADADDR (.data)
                0x0000000000000134        0x4 LONG 0x20000000 ADDR (.data)
                0x0000000000000138        0x4 LONG 0x6c SIZEOF (.data)
                0x000000000000013c        0x4 LONG 0xc81c LOADADDR (.data_RAM2)
                0x0000000000000140        0x4 LONG 0x4000000 ADDR (.data_RAM2)
                0x0000000000000144        0x4 LONG 0x0 SIZEOF (.data_RAM2)
                0x0000000000000148        0x4 LONG 0xc81c LOADADDR (.data_RAM3)
                0x000000000000014c        0x4 LONG 0x40100000 ADDR (.data_RAM3)
                0x0000000000000150        0x4 LONG 0x0 SIZEOF (.data_RAM3)
                0x0000000000000154        0x4 LONG 0xc81c LOADADDR (.data_RAM4)
                0x0000000000000158        0x4 LONG 0x20040000 ADDR (.data_RAM4)
                0x000000000000015c        0x4 LONG 0x0 SIZEOF (.data_RAM4)
                0x0000000000000160                __data_section_table_end = .
                0x0000000000000160                __bss_section_table = .
                0x0000000000000160        0x4 LONG 0x2000006c ADDR (.bss)
                0x0000000000000164        0x4 LONG 0x3f34 SIZEOF (.bss)
                0x0000000000000168        0x4 LONG 0x4000000 ADDR (.bss_RAM2)
                0x000000000000016c        0x4 LONG 0x0 SIZEOF (.bss_RAM2)
                0x0000000000000170        0x4 LONG 0x40100000 ADDR (.bss_RAM3)
                0x0000000000000174        0x4 LONG 0x0 SIZEOF (.bss_RAM3)
                0x0000000000000178        0x4 LONG 0x20040000 ADDR (.bss_RAM4)
                0x000000000000017c        0x4 LONG 0x0 SIZEOF (.bss_RAM4)
                0x0000000000000180                __bss_section_table_end = .
                0x0000000000000180                __section_table_end = .
 *(SORT_BY_ALIGNMENT(.after_vectors*))
 .after_vectors.reset
                0x0000000000000180       0x68 ./startup/startup_lpc55s69_cm33_core0.o
                0x0000000000000180                ResetISR
 .after_vectors.init_data
                0x00000000000001e8       0x1e ./startup/startup_lpc55s69_cm33_core0.o
                0x00000000000001e8                data_init
 .after_vectors.init_bss
                0x0000000000000206       0x12 ./startup/startup_lpc55s69_cm33_core0.o
                0x0000000000000206                bss_init
 .after_vectors
                0x0000000000000218       0x16 ./startup/startup_lpc55s69_cm33_core0.o
                0x0000000000000218                NMI_Handler
                0x000000000000021c                MemManage_Handler
                0x000000000000021e                BusFault_Handler
                0x0000000000000220                UsageFault_Handler
                0x0000000000000222                SecureFault_Handler
                0x0000000000000226                DebugMon_Handler
                0x000000000000022c                Reserved39_DriverIRQHandler
                0x000000000000022c                DMA0_DriverIRQHandler
                0x000000000000022c                Reserved42_DriverIRQHandler
                0x000000000000022c                SEC_VIO_DriverIRQHandler
                0x000000000000022c                PIN_INT3_DriverIRQHandler
                0x000000000000022c                PIN_INT2_DriverIRQHandler
                0x000000000000022c                Reserved56_DriverIRQHandler
                0x000000000000022c                PIN_INT0_DriverIRQHandler
                0x000000000000022c                CTIMER2_DriverIRQHandler
                0x000000000000022c                IntDefaultHandler
                0x000000000000022c                USB0_DriverIRQHandler
                0x000000000000022c                CASER_DriverIRQHandler
                0x000000000000022c                MRT0_DriverIRQHandler
                0x000000000000022c                UTICK0_DriverIRQHandler
                0x000000000000022c                Reserved41_DriverIRQHandler
                0x000000000000022c                PIN_INT4_DriverIRQHandler
                0x000000000000022c                PIN_INT5_DriverIRQHandler
                0x000000000000022c                SEC_GPIO_INT0_IRQ0_DriverIRQHandler
                0x000000000000022c                CTIMER4_DriverIRQHandler
                0x000000000000022c                GINT1_DriverIRQHandler
                0x000000000000022c                PIN_INT7_DriverIRQHandler
                0x000000000000022c                Reserved55_DriverIRQHandler
                0x000000000000022c                HASHCRYPT_DriverIRQHandler
                0x000000000000022c                USB0_NEEDCLK_DriverIRQHandler
                0x000000000000022c                CTIMER0_DriverIRQHandler
                0x000000000000022c                CTIMER1_DriverIRQHandler
                0x000000000000022c                PIN_INT6_DriverIRQHandler
                0x000000000000022c                PQ_DriverIRQHandler
                0x000000000000022c                MAILBOX_DriverIRQHandler
                0x000000000000022c                PIN_INT1_DriverIRQHandler
                0x000000000000022c                CTIMER3_DriverIRQHandler
                0x000000000000022c                Reserved61_DriverIRQHandler
                0x000000000000022c                SEC_GPIO_INT0_IRQ1_DriverIRQHandler
                0x000000000000022c                PUF_DriverIRQHandler
                0x000000000000022c                RTC_DriverIRQHandler
                0x000000000000022c                USB1_DriverIRQHandler
                0x000000000000022c                Reserved60_DriverIRQHandler
                0x000000000000022c                DMA1_DriverIRQHandler
                0x000000000000022c                ADC0_DriverIRQHandler
                0x000000000000022c                USB1_NEEDCLK_DriverIRQHandler
                0x000000000000022c                Reserved59_DriverIRQHandler
                0x000000000000022c                SDIO_DriverIRQHandler
                0x000000000000022c                GINT0_DriverIRQHandler
                0x000000000000022c                USB1_PHY_DriverIRQHandler
                0x000000000000022c                ACMP_DriverIRQHandler
                0x000000000000022c                Reserved57_DriverIRQHandler
                0x000000000000022c                Reserved46_DriverIRQHandler
                0x000000000000022c                WDT_BOD_DriverIRQHandler
                0x000000000000022c                SCT0_DriverIRQHandler
                0x000000000000022c                PLU_DriverIRQHandler
                0x000000000000022c                OS_EVENT_DriverIRQHandler
                0x000000000000022c                SEC_HYPERVISOR_CALL_DriverIRQHandler
 *(SORT_BY_ALIGNMENT(.text*))
 *fill*         0x000000000000022e        0x2 ff
 .text.vRestoreContextOfFirstTask
                0x0000000000000230       0x38 ./freertos/freertos-kernel/portable/GCC/ARM_CM33_NTZ/non_secure/portasm.o
                0x0000000000000230                vRestoreContextOfFirstTask
 *fill*         0x0000000000000268        0x8 ff
 .text.vStartFirstTask
                0x0000000000000270       0x28 ./freertos/freertos-kernel/portable/GCC/ARM_CM33_NTZ/non_secure/portasm.o
                0x0000000000000270                vStartFirstTask
 *fill*         0x0000000000000298        0x8 ff
 .text.PendSV_Handler
                0x00000000000002a0       0x58 ./freertos/freertos-kernel/portable/GCC/ARM_CM33_NTZ/non_secure/portasm.o
                0x00000000000002a0                PendSV_Handler
 *fill*         0x00000000000002f8        0x8 ff
 .text.SVC_Handler
                0x0000000000000300       0x28 ./freertos/freertos-kernel/portable/GCC/ARM_CM33_NTZ/non_secure/portasm.o
                0x0000000000000300                SVC_Handler
 .text.ConvertFloatRadixNumToString
                0x0000000000000328      0x2c8 ./utilities/fsl_str.o
 .text.fp_display
                0x00000000000005f0      0x9e8 /usr/local/mcuxpressoide-11.8.1_1197/ide/plugins/com.nxp.mcuxpresso.tools.linux_11.8.1.202308071233/tools/bin/../lib/gcc/arm-none-eabi/12.2.1/../../../../arm-none-eabi/lib/thumb/v8-m.main+fp/hard/libcr_c.a(fpprintf.o)
 .text.pow      0x0000000000000fd8      0x55c /usr/local/mcuxpressoide-11.8.1_1197/ide/plugins/com.nxp.mcuxpresso.tools.linux_11.8.1.202308071233/tools/bin/../lib/gcc/arm-none-eabi/12.2.1/../../../../arm-none-eabi/lib/thumb/v8-m.main+fp/hard/libcr_c.a(pow.o)
                0x0000000000000fd8                pow
 *fill*         0x0000000000001534        0x4 ff
 .text._frexpl  0x0000000000001538       0x70 /usr/local/mcuxpressoide-11.8.1_1197/ide/plugins/com.nxp.mcuxpresso.tools.linux_11.8.1.202308071233/tools/bin/../lib/gcc/arm-none-eabi/12.2.1/../../../../arm-none-eabi/lib/thumb/v8-m.main+fp/hard/libcr_c.a(_frexpl.o)
                0x0000000000001538                _frexpl
 .text._ldexpl  0x00000000000015a8       0x5c /usr/local/mcuxpressoide-11.8.1_1197/ide/plugins/com.nxp.mcuxpresso.tools.linux_11.8.1.202308071233/tools/bin/../lib/gcc/arm-none-eabi/12.2.1/../../../../arm-none-eabi/lib/thumb/v8-m.main+fp/hard/libcr_c.a(_ldexpl.o)
                0x00000000000015a8                _ldexpl
 *fill*         0x0000000000001604        0x4 ff
 .text.frexp    0x0000000000001608       0x70 /usr/local/mcuxpressoide-11.8.1_1197/ide/plugins/com.nxp.mcuxpresso.tools.linux_11.8.1.202308071233/tools/bin/../lib/gcc/arm-none-eabi/12.2.1/../../../../arm-none-eabi/lib/thumb/v8-m.main+fp/hard/libcr_c.a(frexp.o)
                0x0000000000001608                frexp
 .text.ldexp    0x0000000000001678       0x5c /usr/local/mcuxpressoide-11.8.1_1197/ide/plugins/com.nxp.mcuxpresso.tools.linux_11.8.1.202308071233/tools/bin/../lib/gcc/arm-none-eabi/12.2.1/../../../../arm-none-eabi/lib/thumb/v8-m.main+fp/hard/libcr_c.a(ldexp.o)
                0x0000000000001678                ldexp
 .text.__assertion_failed
                0x00000000000016d4       0x18 ./utilities/fsl_assert.o
                0x00000000000016d4                __assertion_failed
 .text.DbgConsole_SendDataReliable
                0x00000000000016ec       0x54 ./utilities/fsl_debug_console.o
                0x00000000000016ec                DbgConsole_SendDataReliable
 .text.DbgConsole_Init
                0x0000000000001740      0x138 ./utilities/fsl_debug_console.o
                0x0000000000001740                DbgConsole_Init
 .text.DbgConsole_Vprintf
                0x0000000000001878       0x6c ./utilities/fsl_debug_console.o
                0x0000000000001878                DbgConsole_Vprintf
 .text.main_task
                0x00000000000018e4       0xf8 ./source/sch_embedded_controller.o
                0x00000000000018e4                main_task
 .text.main     0x00000000000019dc       0x50 ./source/sch_embedded_controller.o
                0x00000000000019dc                main
 .text.wlan_get_state
                0x0000000000001a2c       0x2c ./source/wlan_mwm.o
                0x0000000000001a2c                wlan_get_state
 .text.wlan_state
                0x0000000000001a58      0x184 ./source/wlan_mwm.o
                0x0000000000001a58                wlan_state
 .text.wlan_reboot
                0x0000000000001bdc       0x5c ./source/wlan_mwm.o
                0x0000000000001bdc                wlan_reboot
 .text.wlan_config
                0x0000000000001c38      0x194 ./source/wlan_mwm.o
                0x0000000000001c38                wlan_config
 .text.http_GET
                0x0000000000001dcc      0x1ec ./source/wlan_mwm.o
                0x0000000000001dcc                http_GET
 .text.pvPortMalloc
                0x0000000000001fb8      0x194 ./freertos/freertos-kernel/portable/MemMang/heap_4.o
                0x0000000000001fb8                pvPortMalloc
 .text.vPortFree
                0x000000000000214c       0xa8 ./freertos/freertos-kernel/portable/MemMang/heap_4.o
                0x000000000000214c                vPortFree
 .text.prvHeapInit
                0x00000000000021f4       0xc4 ./freertos/freertos-kernel/portable/MemMang/heap_4.o
 .text.prvInsertBlockIntoFreeList
                0x00000000000022b8       0xb4 ./freertos/freertos-kernel/portable/MemMang/heap_4.o
 .text.vPortSetupTimerInterrupt
                0x000000000000236c       0x48 ./freertos/freertos-kernel/portable/GCC/ARM_CM33_NTZ/non_secure/port.o
                0x000000000000236c                vPortSetupTimerInterrupt
 .text.prvTaskExitError
                0x00000000000023b4       0x38 ./freertos/freertos-kernel/portable/GCC/ARM_CM33_NTZ/non_secure/port.o
 .text.vPortYield
                0x00000000000023ec       0x24 ./freertos/freertos-kernel/portable/GCC/ARM_CM33_NTZ/non_secure/port.o
                0x00000000000023ec                vPortYield
 .text.vPortEnterCritical
                0x0000000000002410       0x24 ./freertos/freertos-kernel/portable/GCC/ARM_CM33_NTZ/non_secure/port.o
                0x0000000000002410                vPortEnterCritical
 .text.vPortExitCritical
                0x0000000000002434       0x34 ./freertos/freertos-kernel/portable/GCC/ARM_CM33_NTZ/non_secure/port.o
                0x0000000000002434                vPortExitCritical
 .text.SysTick_Handler
                0x0000000000002468       0x30 ./freertos/freertos-kernel/portable/GCC/ARM_CM33_NTZ/non_secure/port.o
                0x0000000000002468                SysTick_Handler
 .text.pxPortInitialiseStack
                0x0000000000002498      0x114 ./freertos/freertos-kernel/portable/GCC/ARM_CM33_NTZ/non_secure/port.o
                0x0000000000002498                pxPortInitialiseStack
 .text.xPortStartScheduler
                0x00000000000025ac       0x40 ./freertos/freertos-kernel/portable/GCC/ARM_CM33_NTZ/non_secure/port.o
                0x00000000000025ac                xPortStartScheduler
 .text.xEventGroupSetBitsFromISR
                0x00000000000025ec       0x28 ./freertos/freertos-kernel/event_groups.o
                0x00000000000025ec                xEventGroupSetBitsFromISR
 .text.vQueueAddToRegistry
                0x0000000000002614       0x8c ./freertos/freertos-kernel/queue.o
                0x0000000000002614                vQueueAddToRegistry
 .text.vQueueUnregisterQueue
                0x00000000000026a0       0x60 ./freertos/freertos-kernel/queue.o
                0x00000000000026a0                vQueueUnregisterQueue
 .text.prvAddNewTaskToReadyList
                0x0000000000002700      0x120 ./freertos/freertos-kernel/tasks.o
 .text.vTaskDelay
                0x0000000000002820       0x4c ./freertos/freertos-kernel/tasks.o
                0x0000000000002820                vTaskDelay
 .text.vTaskStartScheduler
                0x000000000000286c       0x84 ./freertos/freertos-kernel/tasks.o
                0x000000000000286c                vTaskStartScheduler
 .text.vTaskSuspendAll
                0x00000000000028f0       0x1c ./freertos/freertos-kernel/tasks.o
                0x00000000000028f0                vTaskSuspendAll
 .text.xTaskResumeAll
                0x000000000000290c      0x1dc ./freertos/freertos-kernel/tasks.o
                0x000000000000290c                xTaskResumeAll
 .text.xTaskGetTickCount
                0x0000000000002ae8       0x20 ./freertos/freertos-kernel/tasks.o
                0x0000000000002ae8                xTaskGetTickCount
 .text.uxTaskGetNumberOfTasks
                0x0000000000002b08       0x18 ./freertos/freertos-kernel/tasks.o
                0x0000000000002b08                uxTaskGetNumberOfTasks
 .text.xTaskIncrementTick
                0x0000000000002b20      0x204 ./freertos/freertos-kernel/tasks.o
                0x0000000000002b20                xTaskIncrementTick
 .text.vTaskSwitchContext
                0x0000000000002d24       0xa8 ./freertos/freertos-kernel/tasks.o
                0x0000000000002d24                vTaskSwitchContext
 .text.vTaskPlaceOnEventList
                0x0000000000002dcc       0x3c ./freertos/freertos-kernel/tasks.o
                0x0000000000002dcc                vTaskPlaceOnEventList
 .text.vTaskPlaceOnUnorderedEventList
                0x0000000000002e08       0x90 ./freertos/freertos-kernel/tasks.o
                0x0000000000002e08                vTaskPlaceOnUnorderedEventList
 .text.vTaskPlaceOnEventListRestricted
                0x0000000000002e98       0x7c ./freertos/freertos-kernel/tasks.o
                0x0000000000002e98                vTaskPlaceOnEventListRestricted
 .text.xTaskRemoveFromEventList
                0x0000000000002f14      0x19c ./freertos/freertos-kernel/tasks.o
                0x0000000000002f14                xTaskRemoveFromEventList
 .text.vTaskRemoveFromUnorderedEventList
                0x00000000000030b0      0x164 ./freertos/freertos-kernel/tasks.o
                0x00000000000030b0                vTaskRemoveFromUnorderedEventList
 .text.vTaskInternalSetTimeOutState
                0x0000000000003214       0x2c ./freertos/freertos-kernel/tasks.o
                0x0000000000003214                vTaskInternalSetTimeOutState
 .text.xTaskCheckForTimeOut
                0x0000000000003240       0xb0 ./freertos/freertos-kernel/tasks.o
                0x0000000000003240                xTaskCheckForTimeOut
 .text.vTaskMissedYield
                0x00000000000032f0       0x18 ./freertos/freertos-kernel/tasks.o
                0x00000000000032f0                vTaskMissedYield
 .text.prvIdleTask
                0x0000000000003308       0x20 ./freertos/freertos-kernel/tasks.o
 .text.prvInitialiseTaskLists
                0x0000000000003328       0x80 ./freertos/freertos-kernel/tasks.o
 .text.prvCheckTasksWaitingTermination
                0x00000000000033a8       0x5c ./freertos/freertos-kernel/tasks.o
 .text.prvResetNextTaskUnblockTime
                0x0000000000003404       0x38 ./freertos/freertos-kernel/tasks.o
 .text.xTaskGetSchedulerState
                0x000000000000343c       0x3c ./freertos/freertos-kernel/tasks.o
                0x000000000000343c                xTaskGetSchedulerState
 .text.xTaskPriorityInherit
                0x0000000000003478      0x120 ./freertos/freertos-kernel/tasks.o
                0x0000000000003478                xTaskPriorityInherit
 .text.xTaskPriorityDisinherit
                0x0000000000003598      0x110 ./freertos/freertos-kernel/tasks.o
                0x0000000000003598                xTaskPriorityDisinherit
 .text.vTaskPriorityDisinheritAfterTimeout
                0x00000000000036a8      0x138 ./freertos/freertos-kernel/tasks.o
                0x00000000000036a8                vTaskPriorityDisinheritAfterTimeout
 .text.uxTaskResetEventItemValue
                0x00000000000037e0       0x30 ./freertos/freertos-kernel/tasks.o
                0x00000000000037e0                uxTaskResetEventItemValue
 .text.pvTaskIncrementMutexHeldCount
                0x0000000000003810       0x28 ./freertos/freertos-kernel/tasks.o
                0x0000000000003810                pvTaskIncrementMutexHeldCount
 .text.prvAddCurrentTaskToDelayedList
                0x0000000000003838       0xdc ./freertos/freertos-kernel/tasks.o
 .text.xTimerCreateTimerTask
                0x0000000000003914       0x54 ./freertos/freertos-kernel/timers.o
                0x0000000000003914                xTimerCreateTimerTask
 .text.prvProcessExpiredTimer
                0x0000000000003968       0x60 ./freertos/freertos-kernel/timers.o
 .text.prvProcessTimerOrBlockTask
                0x00000000000039c8       0x8c ./freertos/freertos-kernel/timers.o
 .text.prvGetNextExpireTime
                0x0000000000003a54       0x48 ./freertos/freertos-kernel/timers.o
 .text.prvSampleTimeNow
                0x0000000000003a9c       0x40 ./freertos/freertos-kernel/timers.o
 .text.prvInsertTimerInActiveList
                0x0000000000003adc       0x84 ./freertos/freertos-kernel/timers.o
 .text.prvProcessReceivedCommands
                0x0000000000003b60      0x19c ./freertos/freertos-kernel/timers.o
 .text.prvSwitchTimerLists
                0x0000000000003cfc       0x4c ./freertos/freertos-kernel/timers.o
 .text.prvCheckForValidListAndQueue
                0x0000000000003d48       0x6c ./freertos/freertos-kernel/timers.o
 .text.xTimerPendFunctionCallFromISR
                0x0000000000003db4       0x40 ./freertos/freertos-kernel/timers.o
                0x0000000000003db4                xTimerPendFunctionCallFromISR
 .text.USART_RTOS_Callback
                0x0000000000003df4       0x98 ./drivers/freertos/fsl_usart_freertos.o
 .text.USART_RTOS_Init
                0x0000000000003e8c      0x1c0 ./drivers/freertos/fsl_usart_freertos.o
                0x0000000000003e8c                USART_RTOS_Init
 .text.POWER_EnablePD
                0x000000000000404c       0x20 ./drivers/fsl_clock.o
 .text.POWER_DisablePD
                0x000000000000406c       0x20 ./drivers/fsl_clock.o
 .text.CLOCK_AttachClk
                0x000000000000408c       0xa0 ./drivers/fsl_clock.o
                0x000000000000408c                CLOCK_AttachClk
 .text.CLOCK_SetClkDiv
                0x000000000000412c       0x80 ./drivers/fsl_clock.o
                0x000000000000412c                CLOCK_SetClkDiv
 .text.CLOCK_SetupFROClocking
                0x00000000000041ac       0x80 ./drivers/fsl_clock.o
                0x00000000000041ac                CLOCK_SetupFROClocking
 .text.CLOCK_SetFLASHAccessCyclesForFreq
                0x000000000000422c      0x17c ./drivers/fsl_clock.o
                0x000000000000422c                CLOCK_SetFLASHAccessCyclesForFreq
 .text.CLOCK_SetupExtClocking
                0x00000000000043a8       0x50 ./drivers/fsl_clock.o
                0x00000000000043a8                CLOCK_SetupExtClocking
 .text.CLOCK_GetFro12MFreq
                0x00000000000043f8       0x28 ./drivers/fsl_clock.o
                0x00000000000043f8                CLOCK_GetFro12MFreq
 .text.CLOCK_GetFro1MFreq
                0x0000000000004420       0x28 ./drivers/fsl_clock.o
                0x0000000000004420                CLOCK_GetFro1MFreq
 .text.CLOCK_GetExtClkFreq
                0x0000000000004448       0x2c ./drivers/fsl_clock.o
                0x0000000000004448                CLOCK_GetExtClkFreq
 .text.CLOCK_GetFroHfFreq
                0x0000000000004474       0x28 ./drivers/fsl_clock.o
                0x0000000000004474                CLOCK_GetFroHfFreq
 .text.CLOCK_GetPll0OutFreq
                0x000000000000449c       0x18 ./drivers/fsl_clock.o
                0x000000000000449c                CLOCK_GetPll0OutFreq
 .text.CLOCK_GetPll1OutFreq
                0x00000000000044b4       0x18 ./drivers/fsl_clock.o
                0x00000000000044b4                CLOCK_GetPll1OutFreq
 .text.CLOCK_GetOsc32KFreq
                0x00000000000044cc       0x58 ./drivers/fsl_clock.o
                0x00000000000044cc                CLOCK_GetOsc32KFreq
 .text.CLOCK_GetCoreSysClkFreq
                0x0000000000004524       0xa8 ./drivers/fsl_clock.o
                0x0000000000004524                CLOCK_GetCoreSysClkFreq
 .text.CLOCK_GetI2SMClkFreq
                0x00000000000045cc       0x18 ./drivers/fsl_clock.o
                0x00000000000045cc                CLOCK_GetI2SMClkFreq
 .text.CLOCK_GetFlexCommInputClock
                0x00000000000045e4       0xbc ./drivers/fsl_clock.o
                0x00000000000045e4                CLOCK_GetFlexCommInputClock
 .text.CLOCK_GetPLL0InClockRate
                0x00000000000046a0       0x64 ./drivers/fsl_clock.o
                0x00000000000046a0                CLOCK_GetPLL0InClockRate
 .text.CLOCK_SetPLL0Freq
                0x0000000000004704      0x14c ./drivers/fsl_clock.o
                0x0000000000004704                CLOCK_SetPLL0Freq
 .text.SDK_DelayAtLeastUs
                0x0000000000004850       0x8c ./drivers/fsl_common_arm.o
                0x0000000000004850                SDK_DelayAtLeastUs
 .text.FLEXCOMM_GetInstance
                0x00000000000048dc       0x50 ./drivers/fsl_flexcomm.o
                0x00000000000048dc                FLEXCOMM_GetInstance
 .text.FLEXCOMM_Init
                0x000000000000492c       0x50 ./drivers/fsl_flexcomm.o
                0x000000000000492c                FLEXCOMM_Init
 .text.FLEXCOMM_SetIRQHandler
                0x000000000000497c       0x44 ./drivers/fsl_flexcomm.o
                0x000000000000497c                FLEXCOMM_SetIRQHandler
 .text.FLEXCOMM0_DriverIRQHandler
                0x00000000000049c0       0x5c ./drivers/fsl_flexcomm.o
                0x00000000000049c0                FLEXCOMM0_DriverIRQHandler
 .text.FLEXCOMM1_DriverIRQHandler
                0x0000000000004a1c       0x5c ./drivers/fsl_flexcomm.o
                0x0000000000004a1c                FLEXCOMM1_DriverIRQHandler
 .text.FLEXCOMM2_DriverIRQHandler
                0x0000000000004a78       0x5c ./drivers/fsl_flexcomm.o
                0x0000000000004a78                FLEXCOMM2_DriverIRQHandler
 .text.FLEXCOMM3_DriverIRQHandler
                0x0000000000004ad4       0x5c ./drivers/fsl_flexcomm.o
                0x0000000000004ad4                FLEXCOMM3_DriverIRQHandler
 .text.FLEXCOMM4_DriverIRQHandler
                0x0000000000004b30       0x5c ./drivers/fsl_flexcomm.o
                0x0000000000004b30                FLEXCOMM4_DriverIRQHandler
 .text.FLEXCOMM5_DriverIRQHandler
                0x0000000000004b8c       0x5c ./drivers/fsl_flexcomm.o
                0x0000000000004b8c                FLEXCOMM5_DriverIRQHandler
 .text.FLEXCOMM6_DriverIRQHandler
                0x0000000000004be8       0x5c ./drivers/fsl_flexcomm.o
                0x0000000000004be8                FLEXCOMM6_DriverIRQHandler
 .text.FLEXCOMM7_DriverIRQHandler
                0x0000000000004c44       0x5c ./drivers/fsl_flexcomm.o
                0x0000000000004c44                FLEXCOMM7_DriverIRQHandler
 .text.FLEXCOMM8_DriverIRQHandler
                0x0000000000004ca0       0x5c ./drivers/fsl_flexcomm.o
                0x0000000000004ca0                FLEXCOMM8_DriverIRQHandler
 .text.lowpower_set_system_voltage
                0x0000000000004cfc      0x154 ./drivers/fsl_power.o
 .text.lowpower_set_dcdc_power_profile
                0x0000000000004e50       0xec ./drivers/fsl_power.o
 .text.lowpower_get_part_process_corner
                0x0000000000004f3c       0x94 ./drivers/fsl_power.o
 .text.POWER_SetVoltageForFreq
                0x0000000000004fd0       0x50 ./drivers/fsl_power.o
                0x0000000000004fd0                POWER_SetVoltageForFreq
 .text.RESET_SetPeripheralReset
                0x0000000000005020       0x5c ./drivers/fsl_reset.o
                0x0000000000005020                RESET_SetPeripheralReset
 .text.RESET_ClearPeripheralReset
                0x000000000000507c       0x60 ./drivers/fsl_reset.o
                0x000000000000507c                RESET_ClearPeripheralReset
 .text.__NVIC_EnableIRQ
                0x00000000000050dc       0x3c ./drivers/fsl_usart.o
 .text.USART_EnableInterrupts
                0x0000000000005118       0x48 ./drivers/fsl_usart.o
 .text.USART_DisableInterrupts
                0x0000000000005160       0x44 ./drivers/fsl_usart.o
 .text.USART_GetEnabledInterrupts
                0x00000000000051a4       0x38 ./drivers/fsl_usart.o
 .text.USART_GetInstance
                0x00000000000051dc       0x4c ./drivers/fsl_usart.o
                0x00000000000051dc                USART_GetInstance
 .text.USART_TransferGetRxRingBufferLength
                0x0000000000005228       0x50 ./drivers/fsl_usart.o
                0x0000000000005228                USART_TransferGetRxRingBufferLength
 .text.USART_TransferIsRxRingBufferFull
                0x0000000000005278       0x40 ./drivers/fsl_usart.o
 .text.USART_TransferStartRingBuffer
                0x00000000000052b8       0x68 ./drivers/fsl_usart.o
                0x00000000000052b8                USART_TransferStartRingBuffer
 .text.USART_Init
                0x0000000000005320      0x1cc ./drivers/fsl_usart.o
                0x0000000000005320                USART_Init
 .text.USART_Deinit
                0x00000000000054ec       0x54 ./drivers/fsl_usart.o
                0x00000000000054ec                USART_Deinit
 .text.USART_GetDefaultConfig
                0x0000000000005540       0x80 ./drivers/fsl_usart.o
                0x0000000000005540                USART_GetDefaultConfig
 .text.USART_SetBaudRate
                0x00000000000055c0      0x18c ./drivers/fsl_usart.o
                0x00000000000055c0                USART_SetBaudRate
 .text.USART_WriteBlocking
                0x000000000000574c       0x8c ./drivers/fsl_usart.o
                0x000000000000574c                USART_WriteBlocking
 .text.USART_TransferCreateHandle
                0x00000000000057d8       0xc4 ./drivers/fsl_usart.o
                0x00000000000057d8                USART_TransferCreateHandle
 .text.USART_TransferSendNonBlocking
                0x000000000000589c       0xc8 ./drivers/fsl_usart.o
                0x000000000000589c                USART_TransferSendNonBlocking
 .text.USART_TransferReceiveNonBlocking
                0x0000000000005964      0x1e4 ./drivers/fsl_usart.o
                0x0000000000005964                USART_TransferReceiveNonBlocking
 .text.USART_TransferAbortReceive
                0x0000000000005b48       0x50 ./drivers/fsl_usart.o
                0x0000000000005b48                USART_TransferAbortReceive
 .text.USART_TransferHandleIRQ
                0x0000000000005b98      0x438 ./drivers/fsl_usart.o
                0x0000000000005b98                USART_TransferHandleIRQ
 .text.SystemInit
                0x0000000000005fd0       0x64 ./device/system_LPC55S69_cm33_core0.o
                0x0000000000005fd0                SystemInit
 .text.HAL_UartInitCommon
                0x0000000000006034      0x110 ./component/uart/fsl_adapter_usart.o
 .text.HAL_UartSendBlocking
                0x0000000000006144       0x64 ./component/uart/fsl_adapter_usart.o
                0x0000000000006144                HAL_UartSendBlocking
 .text.mwm_tx_data
                0x00000000000061a8       0xc0 ./component/serial_mwm/serial_mwm.o
 .text.read_int
                0x0000000000006268       0x40 ./component/serial_mwm/serial_mwm.o
 .text.read_string
                0x00000000000062a8       0x48 ./component/serial_mwm/serial_mwm.o
 .text.read_end2
                0x00000000000062f0       0x40 ./component/serial_mwm/serial_mwm.o
 .text.read_errno
                0x0000000000006330       0x4c ./component/serial_mwm/serial_mwm.o
 .text.mwm_reboot
                0x000000000000637c       0x54 ./component/serial_mwm/serial_mwm.o
                0x000000000000637c                mwm_reboot
 .text.mwm_wlan_start
                0x00000000000063d0       0x2c ./component/serial_mwm/serial_mwm.o
                0x00000000000063d0                mwm_wlan_start
 .text.mwm_wlan_status
                0x00000000000063fc       0xc0 ./component/serial_mwm/serial_mwm.o
                0x00000000000063fc                mwm_wlan_status
 .text.mwm_wlan_info
                0x00000000000064bc       0xe4 ./component/serial_mwm/serial_mwm.o
                0x00000000000064bc                mwm_wlan_info
 .text.mwm_get_param
                0x00000000000065a0       0xac ./component/serial_mwm/serial_mwm.o
                0x00000000000065a0                mwm_get_param
 .text.mwm_set_param
                0x000000000000664c       0x84 ./component/serial_mwm/serial_mwm.o
                0x000000000000664c                mwm_set_param
 .text.mwm_socket
                0x00000000000066d0       0xa4 ./component/serial_mwm/serial_mwm.o
                0x00000000000066d0                mwm_socket
 .text.mwm_connect
                0x0000000000006774       0x6c ./component/serial_mwm/serial_mwm.o
                0x0000000000006774                mwm_connect
 .text.mwm_recv_timeout
                0x00000000000067e0       0xbc ./component/serial_mwm/serial_mwm.o
                0x00000000000067e0                mwm_recv_timeout
 .text.mwm_send
                0x000000000000689c       0xc8 ./component/serial_mwm/serial_mwm.o
                0x000000000000689c                mwm_send
 .text.mwm_close
                0x0000000000006964       0x5c ./component/serial_mwm/serial_mwm.o
                0x0000000000006964                mwm_close
 .text.__NVIC_SetPriority
                0x00000000000069c0       0x54 ./component/serial_mwm/serial_mwm_usart.o
 .text.mwm_rx   0x0000000000006a14       0x4c ./component/serial_mwm/serial_mwm_usart.o
                0x0000000000006a14                mwm_rx
 .text.mwm_tx   0x0000000000006a60       0x44 ./component/serial_mwm/serial_mwm_usart.o
                0x0000000000006a60                mwm_tx
 .text.mwm_port_init
                0x0000000000006aa4       0x4c ./component/serial_mwm/serial_mwm_usart.o
                0x0000000000006aa4                mwm_port_init
 .text.mwm_port_deinit
                0x0000000000006af0       0x20 ./component/serial_mwm/serial_mwm_usart.o
                0x0000000000006af0                mwm_port_deinit
 .text.BOARD_InitDebugConsole
                0x0000000000006b10       0x38 ./board/board.o
                0x0000000000006b10                BOARD_InitDebugConsole
 .text.POWER_DisablePD
                0x0000000000006b48       0x20 ./board/clock_config.o
 .text.BOARD_BootClockPLL150M
                0x0000000000006b68       0xf4 ./board/clock_config.o
                0x0000000000006b68                BOARD_BootClockPLL150M
 .text.BOARD_InitDEBUG_UARTPins
                0x0000000000006c5c       0x3c ./board/pin_mux.o
                0x0000000000006c5c                BOARD_InitDEBUG_UARTPins
 .text.MWM_InitPins
                0x0000000000006c98       0x48 ./board/pin_mux.o
                0x0000000000006c98                MWM_InitPins
 .text.malloc   0x0000000000006ce0       0xe8 /usr/local/mcuxpressoide-11.8.1_1197/ide/plugins/com.nxp.mcuxpresso.tools.linux_11.8.1.202308071233/tools/bin/../lib/gcc/arm-none-eabi/12.2.1/../../../../arm-none-eabi/lib/thumb/v8-m.main+fp/hard/libcr_c.a(alloc.o)
                0x0000000000006ce0                malloc
 .text._Csys_alloc
                0x0000000000006dc8       0x20 /usr/local/mcuxpressoide-11.8.1_1197/ide/plugins/com.nxp.mcuxpresso.tools.linux_11.8.1.202308071233/tools/bin/../lib/gcc/arm-none-eabi/12.2.1/../../../../arm-none-eabi/lib/thumb/v8-m.main+fp/hard/libcr_c.a(alloc.o)
                0x0000000000006dc8                _Csys_alloc
 .text.sprintf  0x0000000000006de8       0x6c /usr/local/mcuxpressoide-11.8.1_1197/ide/plugins/com.nxp.mcuxpresso.tools.linux_11.8.1.202308071233/tools/bin/../lib/gcc/arm-none-eabi/12.2.1/../../../../arm-none-eabi/lib/thumb/v8-m.main+fp/hard/libcr_c.a(fpprintf.o)
                0x0000000000006de8                sprintf
 .text.snprintf
                0x0000000000006e54       0x78 /usr/local/mcuxpressoide-11.8.1_1197/ide/plugins/com.nxp.mcuxpresso.tools.linux_11.8.1.202308071233/tools/bin/../lib/gcc/arm-none-eabi/12.2.1/../../../../arm-none-eabi/lib/thumb/v8-m.main+fp/hard/libcr_c.a(fpprintf.o)
                0x0000000000006e54                snprintf
 .text._initio  0x0000000000006ecc       0x78 /usr/local/mcuxpressoide-11.8.1_1197/ide/plugins/com.nxp.mcuxpresso.tools.linux_11.8.1.202308071233/tools/bin/../lib/gcc/arm-none-eabi/12.2.1/../../../../arm-none-eabi/lib/thumb/v8-m.main+fp/hard/libcr_c.a(initio.o)
                0x0000000000006ecc                _initio
 .text.modf     0x0000000000006f44       0x94 /usr/local/mcuxpressoide-11.8.1_1197/ide/plugins/com.nxp.mcuxpresso.tools.linux_11.8.1.202308071233/tools/bin/../lib/gcc/arm-none-eabi/12.2.1/../../../../arm-none-eabi/lib/thumb/v8-m.main+fp/hard/libcr_c.a(modf.o)
                0x0000000000006f44                modf
 .text.__vfprintf
                0x0000000000006fd8      0xb78 /usr/local/mcuxpressoide-11.8.1_1197/ide/plugins/com.nxp.mcuxpresso.tools.linux_11.8.1.202308071233/tools/bin/../lib/gcc/arm-none-eabi/12.2.1/../../../../arm-none-eabi/lib/thumb/v8-m.main+fp/hard/libcr_c.a(printf.o)
                0x0000000000006fd8                __vfprintf
 .text.ch_val   0x0000000000007b50       0x30 /usr/local/mcuxpressoide-11.8.1_1197/ide/plugins/com.nxp.mcuxpresso.tools.linux_11.8.1.202308071233/tools/bin/../lib/gcc/arm-none-eabi/12.2.1/../../../../arm-none-eabi/lib/thumb/v8-m.main+fp/hard/libcr_c.a(scanf.o)
 .text._strtoul
                0x0000000000007b80       0xb0 /usr/local/mcuxpressoide-11.8.1_1197/ide/plugins/com.nxp.mcuxpresso.tools.linux_11.8.1.202308071233/tools/bin/../lib/gcc/arm-none-eabi/12.2.1/../../../../arm-none-eabi/lib/thumb/v8-m.main+fp/hard/libcr_c.a(scanf.o)
 .text.strtol   0x0000000000007c30       0x78 /usr/local/mcuxpressoide-11.8.1_1197/ide/plugins/com.nxp.mcuxpresso.tools.linux_11.8.1.202308071233/tools/bin/../lib/gcc/arm-none-eabi/12.2.1/../../../../arm-none-eabi/lib/thumb/v8-m.main+fp/hard/libcr_c.a(scanf.o)
                0x0000000000007c30                strtol
 .text._sbrk    0x0000000000007ca8       0x3c /usr/local/mcuxpressoide-11.8.1_1197/ide/plugins/com.nxp.mcuxpresso.tools.linux_11.8.1.202308071233/tools/bin/../lib/gcc/arm-none-eabi/12.2.1/../../../../arm-none-eabi/lib/thumb/v8-m.main+fp/hard/libcr_c.a(_cr_sbrk.o)
                0x0000000000007ca8                _sbrk
 .text._Cwritebuf
                0x0000000000007ce4       0x6c /usr/local/mcuxpressoide-11.8.1_1197/ide/plugins/com.nxp.mcuxpresso.tools.linux_11.8.1.202308071233/tools/bin/../lib/gcc/arm-none-eabi/12.2.1/../../../../arm-none-eabi/lib/thumb/v8-m.main+fp/hard/libcr_c.a(_writebuf.o)
                0x0000000000007ce4                _Cwritebuf
 .text.fflush   0x0000000000007d50       0x3c /usr/local/mcuxpressoide-11.8.1_1197/ide/plugins/com.nxp.mcuxpresso.tools.linux_11.8.1.202308071233/tools/bin/../lib/gcc/arm-none-eabi/12.2.1/../../../../arm-none-eabi/lib/thumb/v8-m.main+fp/hard/libcr_c.a(fflush.o)
                0x0000000000007d50                fflush
 .text.fseek    0x0000000000007d8c       0xf8 /usr/local/mcuxpressoide-11.8.1_1197/ide/plugins/com.nxp.mcuxpresso.tools.linux_11.8.1.202308071233/tools/bin/../lib/gcc/arm-none-eabi/12.2.1/../../../../arm-none-eabi/lib/thumb/v8-m.main+fp/hard/libcr_c.a(fseek.o)
                0x0000000000007d8c                fseek
 .text.ftell    0x0000000000007e84       0x44 /usr/local/mcuxpressoide-11.8.1_1197/ide/plugins/com.nxp.mcuxpresso.tools.linux_11.8.1.202308071233/tools/bin/../lib/gcc/arm-none-eabi/12.2.1/../../../../arm-none-eabi/lib/thumb/v8-m.main+fp/hard/libcr_c.a(ftell.o)
                0x0000000000007e84                ftell
 .text.__check_heap_overflow
                0x0000000000007ec8       0x18 /usr/local/mcuxpressoide-11.8.1_1197/ide/plugins/com.nxp.mcuxpresso.tools.linux_11.8.1.202308071233/tools/bin/../lib/gcc/arm-none-eabi/12.2.1/../../../../arm-none-eabi/lib/thumb/v8-m.main+fp/hard/libcr_c.a(_cr_check_heap.o)
                0x0000000000007ec8                __check_heap_overflow
 .text.__aeabi_dmul
                0x0000000000007ee0       0xfc /usr/local/mcuxpressoide-11.8.1_1197/ide/plugins/com.nxp.mcuxpresso.tools.linux_11.8.1.202308071233/tools/bin/../lib/gcc/arm-none-eabi/12.2.1/thumb/v8-m.main+fp/hard/libcr_eabihelpers.a(double.o)
                0x0000000000007ee0                __aeabi_dmul
 .text.__aeabi_ddiv
                0x0000000000007fdc      0x130 /usr/local/mcuxpressoide-11.8.1_1197/ide/plugins/com.nxp.mcuxpresso.tools.linux_11.8.1.202308071233/tools/bin/../lib/gcc/arm-none-eabi/12.2.1/thumb/v8-m.main+fp/hard/libcr_eabihelpers.a(double.o)
                0x0000000000007fdc                __aeabi_ddiv
 .text.__aeabi_dsub
                0x000000000000810c      0x1b4 /usr/local/mcuxpressoide-11.8.1_1197/ide/plugins/com.nxp.mcuxpresso.tools.linux_11.8.1.202308071233/tools/bin/../lib/gcc/arm-none-eabi/12.2.1/thumb/v8-m.main+fp/hard/libcr_eabihelpers.a(double.o)
                0x000000000000810c                __aeabi_dsub
 .text.__aeabi_dadd
                0x00000000000082c0      0x13c /usr/local/mcuxpressoide-11.8.1_1197/ide/plugins/com.nxp.mcuxpresso.tools.linux_11.8.1.202308071233/tools/bin/../lib/gcc/arm-none-eabi/12.2.1/thumb/v8-m.main+fp/hard/libcr_eabihelpers.a(double.o)
                0x00000000000082c0                __aeabi_dadd
 .text.DbgConsole_PrintCallback
                0x00000000000083fc       0x66 ./utilities/fsl_debug_console.o
 .text.DbgConsole_Printf
                0x0000000000008462       0x2c ./utilities/fsl_debug_console.o
                0x0000000000008462                DbgConsole_Printf
 .text.PrintGetWidth
                0x000000000000848e       0x6a ./utilities/fsl_str.o
 .text.PrintGetPrecision
                0x00000000000084f8       0x8c ./utilities/fsl_str.o
 .text.PrintIsobpu
                0x0000000000008584       0x38 ./utilities/fsl_str.o
 .text.PrintIsdi
                0x00000000000085bc       0x2c ./utilities/fsl_str.o
 .text.PrintOutputdifFobpu
                0x00000000000085e8       0x44 ./utilities/fsl_str.o
 .text.PrintOutputxX
                0x000000000000862c       0x44 ./utilities/fsl_str.o
 .text.PrintIsfF
                0x0000000000008670       0x2c ./utilities/fsl_str.o
 .text.PrintIsxX
                0x000000000000869c       0x2c ./utilities/fsl_str.o
 .text.PrintFilterLengthFlag
                0x00000000000086c8       0x3e ./utilities/fsl_str.o
 .text.PrintGetRadixFromobpu
                0x0000000000008706       0x40 ./utilities/fsl_str.o
 .text.ConvertRadixNumToString
                0x0000000000008746       0xc2 ./utilities/fsl_str.o
 .text.StrFormatPrintf
                0x0000000000008808      0x2f0 ./utilities/fsl_str.o
                0x0000000000008808                StrFormatPrintf
 .text.WDT_BOD_IRQHandler
                0x0000000000008af8        0x8 ./startup/startup_lpc55s69_cm33_core0.o
                0x0000000000008af8                WDT_BOD_IRQHandler
 .text.DMA0_IRQHandler
                0x0000000000008b00        0x8 ./startup/startup_lpc55s69_cm33_core0.o
                0x0000000000008b00                DMA0_IRQHandler
 .text.GINT0_IRQHandler
                0x0000000000008b08        0x8 ./startup/startup_lpc55s69_cm33_core0.o
                0x0000000000008b08                GINT0_IRQHandler
 .text.GINT1_IRQHandler
                0x0000000000008b10        0x8 ./startup/startup_lpc55s69_cm33_core0.o
                0x0000000000008b10                GINT1_IRQHandler
 .text.PIN_INT0_IRQHandler
                0x0000000000008b18        0x8 ./startup/startup_lpc55s69_cm33_core0.o
                0x0000000000008b18                PIN_INT0_IRQHandler
 .text.PIN_INT1_IRQHandler
                0x0000000000008b20        0x8 ./startup/startup_lpc55s69_cm33_core0.o
                0x0000000000008b20                PIN_INT1_IRQHandler
 .text.PIN_INT2_IRQHandler
                0x0000000000008b28        0x8 ./startup/startup_lpc55s69_cm33_core0.o
                0x0000000000008b28                PIN_INT2_IRQHandler
 .text.PIN_INT3_IRQHandler
                0x0000000000008b30        0x8 ./startup/startup_lpc55s69_cm33_core0.o
                0x0000000000008b30                PIN_INT3_IRQHandler
 .text.UTICK0_IRQHandler
                0x0000000000008b38        0x8 ./startup/startup_lpc55s69_cm33_core0.o
                0x0000000000008b38                UTICK0_IRQHandler
 .text.MRT0_IRQHandler
                0x0000000000008b40        0x8 ./startup/startup_lpc55s69_cm33_core0.o
                0x0000000000008b40                MRT0_IRQHandler
 .text.CTIMER0_IRQHandler
                0x0000000000008b48        0x8 ./startup/startup_lpc55s69_cm33_core0.o
                0x0000000000008b48                CTIMER0_IRQHandler
 .text.CTIMER1_IRQHandler
                0x0000000000008b50        0x8 ./startup/startup_lpc55s69_cm33_core0.o
                0x0000000000008b50                CTIMER1_IRQHandler
 .text.SCT0_IRQHandler
                0x0000000000008b58        0x8 ./startup/startup_lpc55s69_cm33_core0.o
                0x0000000000008b58                SCT0_IRQHandler
 .text.CTIMER3_IRQHandler
                0x0000000000008b60        0x8 ./startup/startup_lpc55s69_cm33_core0.o
                0x0000000000008b60                CTIMER3_IRQHandler
 .text.FLEXCOMM0_IRQHandler
                0x0000000000008b68        0x8 ./startup/startup_lpc55s69_cm33_core0.o
                0x0000000000008b68                FLEXCOMM0_IRQHandler
 .text.FLEXCOMM1_IRQHandler
                0x0000000000008b70        0x8 ./startup/startup_lpc55s69_cm33_core0.o
                0x0000000000008b70                FLEXCOMM1_IRQHandler
 .text.FLEXCOMM2_IRQHandler
                0x0000000000008b78        0x8 ./startup/startup_lpc55s69_cm33_core0.o
                0x0000000000008b78                FLEXCOMM2_IRQHandler
 .text.FLEXCOMM3_IRQHandler
                0x0000000000008b80        0x8 ./startup/startup_lpc55s69_cm33_core0.o
                0x0000000000008b80                FLEXCOMM3_IRQHandler
 .text.FLEXCOMM4_IRQHandler
                0x0000000000008b88        0x8 ./startup/startup_lpc55s69_cm33_core0.o
                0x0000000000008b88                FLEXCOMM4_IRQHandler
 .text.FLEXCOMM5_IRQHandler
                0x0000000000008b90        0x8 ./startup/startup_lpc55s69_cm33_core0.o
                0x0000000000008b90                FLEXCOMM5_IRQHandler
 .text.FLEXCOMM6_IRQHandler
                0x0000000000008b98        0x8 ./startup/startup_lpc55s69_cm33_core0.o
                0x0000000000008b98                FLEXCOMM6_IRQHandler
 .text.FLEXCOMM7_IRQHandler
                0x0000000000008ba0        0x8 ./startup/startup_lpc55s69_cm33_core0.o
                0x0000000000008ba0                FLEXCOMM7_IRQHandler
 .text.ADC0_IRQHandler
                0x0000000000008ba8        0x8 ./startup/startup_lpc55s69_cm33_core0.o
                0x0000000000008ba8                ADC0_IRQHandler
 .text.Reserved39_IRQHandler
                0x0000000000008bb0        0x8 ./startup/startup_lpc55s69_cm33_core0.o
                0x0000000000008bb0                Reserved39_IRQHandler
 .text.ACMP_IRQHandler
                0x0000000000008bb8        0x8 ./startup/startup_lpc55s69_cm33_core0.o
                0x0000000000008bb8                ACMP_IRQHandler
 .text.Reserved41_IRQHandler
                0x0000000000008bc0        0x8 ./startup/startup_lpc55s69_cm33_core0.o
                0x0000000000008bc0                Reserved41_IRQHandler
 .text.Reserved42_IRQHandler
                0x0000000000008bc8        0x8 ./startup/startup_lpc55s69_cm33_core0.o
                0x0000000000008bc8                Reserved42_IRQHandler
 .text.USB0_NEEDCLK_IRQHandler
                0x0000000000008bd0        0x8 ./startup/startup_lpc55s69_cm33_core0.o
                0x0000000000008bd0                USB0_NEEDCLK_IRQHandler
 .text.USB0_IRQHandler
                0x0000000000008bd8        0x8 ./startup/startup_lpc55s69_cm33_core0.o
                0x0000000000008bd8                USB0_IRQHandler
 .text.RTC_IRQHandler
                0x0000000000008be0        0x8 ./startup/startup_lpc55s69_cm33_core0.o
                0x0000000000008be0                RTC_IRQHandler
 .text.Reserved46_IRQHandler
                0x0000000000008be8        0x8 ./startup/startup_lpc55s69_cm33_core0.o
                0x0000000000008be8                Reserved46_IRQHandler
 .text.MAILBOX_IRQHandler
                0x0000000000008bf0        0x8 ./startup/startup_lpc55s69_cm33_core0.o
                0x0000000000008bf0                MAILBOX_IRQHandler
 .text.PIN_INT4_IRQHandler
                0x0000000000008bf8        0x8 ./startup/startup_lpc55s69_cm33_core0.o
                0x0000000000008bf8                PIN_INT4_IRQHandler
 .text.PIN_INT5_IRQHandler
                0x0000000000008c00        0x8 ./startup/startup_lpc55s69_cm33_core0.o
                0x0000000000008c00                PIN_INT5_IRQHandler
 .text.PIN_INT6_IRQHandler
                0x0000000000008c08        0x8 ./startup/startup_lpc55s69_cm33_core0.o
                0x0000000000008c08                PIN_INT6_IRQHandler
 .text.PIN_INT7_IRQHandler
                0x0000000000008c10        0x8 ./startup/startup_lpc55s69_cm33_core0.o
                0x0000000000008c10                PIN_INT7_IRQHandler
 .text.CTIMER2_IRQHandler
                0x0000000000008c18        0x8 ./startup/startup_lpc55s69_cm33_core0.o
                0x0000000000008c18                CTIMER2_IRQHandler
 .text.CTIMER4_IRQHandler
                0x0000000000008c20        0x8 ./startup/startup_lpc55s69_cm33_core0.o
                0x0000000000008c20                CTIMER4_IRQHandler
 .text.OS_EVENT_IRQHandler
                0x0000000000008c28        0x8 ./startup/startup_lpc55s69_cm33_core0.o
                0x0000000000008c28                OS_EVENT_IRQHandler
 .text.Reserved55_IRQHandler
                0x0000000000008c30        0x8 ./startup/startup_lpc55s69_cm33_core0.o
                0x0000000000008c30                Reserved55_IRQHandler
 .text.Reserved56_IRQHandler
                0x0000000000008c38        0x8 ./startup/startup_lpc55s69_cm33_core0.o
                0x0000000000008c38                Reserved56_IRQHandler
 .text.Reserved57_IRQHandler
                0x0000000000008c40        0x8 ./startup/startup_lpc55s69_cm33_core0.o
                0x0000000000008c40                Reserved57_IRQHandler
 .text.SDIO_IRQHandler
                0x0000000000008c48        0x8 ./startup/startup_lpc55s69_cm33_core0.o
                0x0000000000008c48                SDIO_IRQHandler
 .text.Reserved59_IRQHandler
                0x0000000000008c50        0x8 ./startup/startup_lpc55s69_cm33_core0.o
                0x0000000000008c50                Reserved59_IRQHandler
 .text.Reserved60_IRQHandler
                0x0000000000008c58        0x8 ./startup/startup_lpc55s69_cm33_core0.o
                0x0000000000008c58                Reserved60_IRQHandler
 .text.Reserved61_IRQHandler
                0x0000000000008c60        0x8 ./startup/startup_lpc55s69_cm33_core0.o
                0x0000000000008c60                Reserved61_IRQHandler
 .text.USB1_PHY_IRQHandler
                0x0000000000008c68        0x8 ./startup/startup_lpc55s69_cm33_core0.o
                0x0000000000008c68                USB1_PHY_IRQHandler
 .text.USB1_IRQHandler
                0x0000000000008c70        0x8 ./startup/startup_lpc55s69_cm33_core0.o
                0x0000000000008c70                USB1_IRQHandler
 .text.USB1_NEEDCLK_IRQHandler
                0x0000000000008c78        0x8 ./startup/startup_lpc55s69_cm33_core0.o
                0x0000000000008c78                USB1_NEEDCLK_IRQHandler
 .text.SEC_HYPERVISOR_CALL_IRQHandler
                0x0000000000008c80        0x8 ./startup/startup_lpc55s69_cm33_core0.o
                0x0000000000008c80                SEC_HYPERVISOR_CALL_IRQHandler
 .text.SEC_GPIO_INT0_IRQ0_IRQHandler
                0x0000000000008c88        0x8 ./startup/startup_lpc55s69_cm33_core0.o
                0x0000000000008c88                SEC_GPIO_INT0_IRQ0_IRQHandler
 .text.SEC_GPIO_INT0_IRQ1_IRQHandler
                0x0000000000008c90        0x8 ./startup/startup_lpc55s69_cm33_core0.o
                0x0000000000008c90                SEC_GPIO_INT0_IRQ1_IRQHandler
 .text.PLU_IRQHandler
                0x0000000000008c98        0x8 ./startup/startup_lpc55s69_cm33_core0.o
                0x0000000000008c98                PLU_IRQHandler
 .text.SEC_VIO_IRQHandler
                0x0000000000008ca0        0x8 ./startup/startup_lpc55s69_cm33_core0.o
                0x0000000000008ca0                SEC_VIO_IRQHandler
 .text.HASHCRYPT_IRQHandler
                0x0000000000008ca8        0x8 ./startup/startup_lpc55s69_cm33_core0.o
                0x0000000000008ca8                HASHCRYPT_IRQHandler
 .text.CASER_IRQHandler
                0x0000000000008cb0        0x8 ./startup/startup_lpc55s69_cm33_core0.o
                0x0000000000008cb0                CASER_IRQHandler
 .text.PUF_IRQHandler
                0x0000000000008cb8        0x8 ./startup/startup_lpc55s69_cm33_core0.o
                0x0000000000008cb8                PUF_IRQHandler
 .text.PQ_IRQHandler
                0x0000000000008cc0        0x8 ./startup/startup_lpc55s69_cm33_core0.o
                0x0000000000008cc0                PQ_IRQHandler
 .text.DMA1_IRQHandler
                0x0000000000008cc8        0x8 ./startup/startup_lpc55s69_cm33_core0.o
                0x0000000000008cc8                DMA1_IRQHandler
 .text.FLEXCOMM8_IRQHandler
                0x0000000000008cd0        0x8 ./startup/startup_lpc55s69_cm33_core0.o
                0x0000000000008cd0                FLEXCOMM8_IRQHandler
 .text.HardFault_Handler
                0x0000000000008cd8       0x36 ./source/semihost_hardfault.o
                0x0000000000008cd8                HardFault_Handler
 .text.vPortSVCHandler_C
                0x0000000000008d0e       0x32 ./freertos/freertos-kernel/portable/GCC/ARM_CM33_NTZ/non_secure/port.o
                0x0000000000008d0e                vPortSVCHandler_C
 .text.ulSetInterruptMask
                0x0000000000008d40       0x1a ./freertos/freertos-kernel/portable/GCC/ARM_CM33_NTZ/non_secure/portasm.o
                0x0000000000008d40                ulSetInterruptMask
 .text.vClearInterruptMask
                0x0000000000008d5a       0x10 ./freertos/freertos-kernel/portable/GCC/ARM_CM33_NTZ/non_secure/portasm.o
                0x0000000000008d5a                vClearInterruptMask
 .text.xEventGroupCreate
                0x0000000000008d6a       0x2e ./freertos/freertos-kernel/event_groups.o
                0x0000000000008d6a                xEventGroupCreate
 .text.xEventGroupWaitBits
                0x0000000000008d98      0x152 ./freertos/freertos-kernel/event_groups.o
                0x0000000000008d98                xEventGroupWaitBits
 .text.xEventGroupClearBits
                0x0000000000008eea       0x52 ./freertos/freertos-kernel/event_groups.o
                0x0000000000008eea                xEventGroupClearBits
 .text.xEventGroupSetBits
                0x0000000000008f3c       0xf8 ./freertos/freertos-kernel/event_groups.o
                0x0000000000008f3c                xEventGroupSetBits
 .text.vEventGroupDelete
                0x0000000000009034       0x62 ./freertos/freertos-kernel/event_groups.o
                0x0000000000009034                vEventGroupDelete
 .text.vEventGroupSetBitsCallback
                0x0000000000009096       0x1a ./freertos/freertos-kernel/event_groups.o
                0x0000000000009096                vEventGroupSetBitsCallback
 .text.prvTestWaitCondition
                0x00000000000090b0       0x44 ./freertos/freertos-kernel/event_groups.o
 .text.vListInitialise
                0x00000000000090f4       0x40 ./freertos/freertos-kernel/list.o
                0x00000000000090f4                vListInitialise
 .text.vListInitialiseItem
                0x0000000000009134       0x1a ./freertos/freertos-kernel/list.o
                0x0000000000009134                vListInitialiseItem
 .text.vListInsert
                0x000000000000914e       0x72 ./freertos/freertos-kernel/list.o
                0x000000000000914e                vListInsert
 .text.uxListRemove
                0x00000000000091c0       0x54 ./freertos/freertos-kernel/list.o
                0x00000000000091c0                uxListRemove
 .text.xQueueGenericReset
                0x0000000000009214       0xf2 ./freertos/freertos-kernel/queue.o
                0x0000000000009214                xQueueGenericReset
 .text.xQueueGenericCreate
                0x0000000000009306       0x8e ./freertos/freertos-kernel/queue.o
                0x0000000000009306                xQueueGenericCreate
 .text.prvInitialiseNewQueue
                0x0000000000009394       0x46 ./freertos/freertos-kernel/queue.o
 .text.prvInitialiseMutex
                0x00000000000093da       0x34 ./freertos/freertos-kernel/queue.o
 .text.xQueueCreateMutex
                0x000000000000940e       0x30 ./freertos/freertos-kernel/queue.o
                0x000000000000940e                xQueueCreateMutex
 .text.xQueueGenericSend
                0x000000000000943e      0x19a ./freertos/freertos-kernel/queue.o
                0x000000000000943e                xQueueGenericSend
 .text.xQueueGenericSendFromISR
                0x00000000000095d8      0x108 ./freertos/freertos-kernel/queue.o
                0x00000000000095d8                xQueueGenericSendFromISR
 .text.xQueueReceive
                0x00000000000096e0      0x178 ./freertos/freertos-kernel/queue.o
                0x00000000000096e0                xQueueReceive
 .text.xQueueSemaphoreTake
                0x0000000000009858      0x1b8 ./freertos/freertos-kernel/queue.o
                0x0000000000009858                xQueueSemaphoreTake
 .text.vQueueDelete
                0x0000000000009a10       0x2e ./freertos/freertos-kernel/queue.o
                0x0000000000009a10                vQueueDelete
 .text.prvGetDisinheritPriorityAfterTimeout
                0x0000000000009a3e       0x30 ./freertos/freertos-kernel/queue.o
 .text.prvCopyDataToQueue
                0x0000000000009a6e       0xd4 ./freertos/freertos-kernel/queue.o
 .text.prvCopyDataFromQueue
                0x0000000000009b42       0x4c ./freertos/freertos-kernel/queue.o
 .text.prvUnlockQueue
                0x0000000000009b8e       0xa4 ./freertos/freertos-kernel/queue.o
 .text.prvIsQueueEmpty
                0x0000000000009c32       0x2c ./freertos/freertos-kernel/queue.o
 .text.prvIsQueueFull
                0x0000000000009c5e       0x30 ./freertos/freertos-kernel/queue.o
 .text.vQueueWaitForMessageRestricted
                0x0000000000009c8e       0x68 ./freertos/freertos-kernel/queue.o
                0x0000000000009c8e                vQueueWaitForMessageRestricted
 .text.xTaskCreate
                0x0000000000009cf6       0x8c ./freertos/freertos-kernel/tasks.o
                0x0000000000009cf6                xTaskCreate
 .text.prvInitialiseNewTask
                0x0000000000009d82      0x104 ./freertos/freertos-kernel/tasks.o
 .text.prvDeleteTCB
                0x0000000000009e86       0x20 ./freertos/freertos-kernel/tasks.o
 .text.prvReloadTimer
                0x0000000000009ea6       0x42 ./freertos/freertos-kernel/timers.o
 .text.prvTimerTask
                0x0000000000009ee8       0x26 ./freertos/freertos-kernel/timers.o
 .text.USART_RTOS_Deinit
                0x0000000000009f0e       0x6c ./drivers/freertos/fsl_usart_freertos.o
                0x0000000000009f0e                USART_RTOS_Deinit
 .text.USART_RTOS_Send
                0x0000000000009f7a       0xc4 ./drivers/freertos/fsl_usart_freertos.o
                0x0000000000009f7a                USART_RTOS_Send
 .text.USART_RTOS_Receive
                0x000000000000a03e      0x12e ./drivers/freertos/fsl_usart_freertos.o
                0x000000000000a03e                USART_RTOS_Receive
 .text.CLOCK_IsPLL0Locked
                0x000000000000a16c       0x24 ./drivers/fsl_clock.o
 .text.CLOCK_GetFlexCommClkFreq
                0x000000000000a190       0x9a ./drivers/fsl_clock.o
                0x000000000000a190                CLOCK_GetFlexCommClkFreq
 .text.findPll0PreDiv
                0x000000000000a22a       0x3e ./drivers/fsl_clock.o
 .text.DelayLoop
                0x000000000000a268       0x20 ./drivers/fsl_common_arm.o
 .text.CLOCK_EnableClock
                0x000000000000a288       0x30 ./drivers/fsl_flexcomm.o
 .text.FLEXCOMM_PeripheralIsPresent
                0x000000000000a2b8       0x64 ./drivers/fsl_flexcomm.o
 .text.FLEXCOMM_SetPeriph
                0x000000000000a31c       0x74 ./drivers/fsl_flexcomm.o
 .text.lowpower_set_voltage_for_process
                0x000000000000a390       0xaa ./drivers/fsl_power.o
 .text.RESET_PeripheralReset
                0x000000000000a43a       0x1c ./drivers/fsl_reset.o
                0x000000000000a43a                RESET_PeripheralReset
 .text.EnableIRQ
                0x000000000000a456       0x32 ./drivers/fsl_usart.o
 .text.USART_EnableContinuousSCLK
                0x000000000000a488       0x38 ./drivers/fsl_usart.o
 .text.SystemInitHook
                0x000000000000a4c0        0xe ./device/system_LPC55S69_cm33_core0.o
                0x000000000000a4c0                SystemInitHook
 .text.HAL_UartGetStatus
                0x000000000000a4ce       0x22 ./component/uart/fsl_adapter_usart.o
 .text.HAL_UartInit
                0x000000000000a4f0       0x36 ./component/uart/fsl_adapter_usart.o
                0x000000000000a4f0                HAL_UartInit
 .text.mwm_init
                0x000000000000a526       0x1c ./component/serial_mwm/serial_mwm.o
                0x000000000000a526                mwm_init
 .text.read_string_max
                0x000000000000a542       0x64 ./component/serial_mwm/serial_mwm.o
 .text.read_end
                0x000000000000a5a6       0x32 ./component/serial_mwm/serial_mwm.o
 .text.read_whole_response
                0x000000000000a5d8       0x9c ./component/serial_mwm/serial_mwm.o
 .text.find_val
                0x000000000000a674       0xb4 ./component/serial_mwm/serial_mwm.o
 .text.mwm_cmd  0x000000000000a728       0x74 ./component/serial_mwm/serial_mwm.o
 .text.DisableGlobalIRQ
                0x000000000000a79c       0x22 ./component/serial_manager/fsl_component_serial_manager.o
 .text.EnableGlobalIRQ
                0x000000000000a7be       0x20 ./component/serial_manager/fsl_component_serial_manager.o
 .text.SerialManager_StartWriting
                0x000000000000a7de       0x38 ./component/serial_manager/fsl_component_serial_manager.o
 .text.SerialManager_Write
                0x000000000000a816       0x44 ./component/serial_manager/fsl_component_serial_manager.o
 .text.SerialManager_Init
                0x000000000000a85a       0x60 ./component/serial_manager/fsl_component_serial_manager.o
                0x000000000000a85a                SerialManager_Init
 .text.SerialManager_OpenWriteHandle
                0x000000000000a8ba       0x50 ./component/serial_manager/fsl_component_serial_manager.o
                0x000000000000a8ba                SerialManager_OpenWriteHandle
 .text.SerialManager_OpenReadHandle
                0x000000000000a90a       0x60 ./component/serial_manager/fsl_component_serial_manager.o
                0x000000000000a90a                SerialManager_OpenReadHandle
 .text.SerialManager_WriteBlocking
                0x000000000000a96a       0x20 ./component/serial_manager/fsl_component_serial_manager.o
                0x000000000000a96a                SerialManager_WriteBlocking
 .text.Serial_UartInit
                0x000000000000a98a       0x3e ./component/serial_manager/fsl_component_serial_port_uart.o
                0x000000000000a98a                Serial_UartInit
 .text.Serial_UartWrite
                0x000000000000a9c8       0x38 ./component/serial_manager/fsl_component_serial_port_uart.o
                0x000000000000a9c8                Serial_UartWrite
 .text.BOARD_InitBootClocks
                0x000000000000aa00        0xc ./board/clock_config.o
                0x000000000000aa00                BOARD_InitBootClocks
 .text.BOARD_InitPeripherals_cm33_core0
                0x000000000000aa0c        0xe ./board/peripherals.o
                0x000000000000aa0c                BOARD_InitPeripherals_cm33_core0
 .text.BOARD_InitBootPeripherals
                0x000000000000aa1a        0xc ./board/peripherals.o
                0x000000000000aa1a                BOARD_InitBootPeripherals
 .text.CLOCK_EnableClock
                0x000000000000aa26       0x30 ./board/pin_mux.o
 .text.IOCON_PinMuxSet
                0x000000000000aa56       0x2e ./board/pin_mux.o
 .text.BOARD_InitBootPins
                0x000000000000aa84       0x10 ./board/pin_mux.o
                0x000000000000aa84                BOARD_InitBootPins
 .text.__main   0x000000000000aa94        0xe /usr/local/mcuxpressoide-11.8.1_1197/ide/plugins/com.nxp.mcuxpresso.tools.linux_11.8.1.202308071233/tools/bin/../lib/gcc/arm-none-eabi/12.2.1/../../../../arm-none-eabi/lib/thumb/v8-m.main+fp/hard/libcr_nohost_nf.a(_cr__main.o)
                0x000000000000aa94                __main
 .text.memcpy   0x000000000000aaa2        0x4 /usr/local/mcuxpressoide-11.8.1_1197/ide/plugins/com.nxp.mcuxpresso.tools.linux_11.8.1.202308071233/tools/bin/../lib/gcc/arm-none-eabi/12.2.1/../../../../arm-none-eabi/lib/thumb/v8-m.main+fp/hard/libcr_c.a(memcpy.o)
                0x000000000000aaa2                memcpy
 .text.memset   0x000000000000aaa6        0x4 /usr/local/mcuxpressoide-11.8.1_1197/ide/plugins/com.nxp.mcuxpresso.tools.linux_11.8.1.202308071233/tools/bin/../lib/gcc/arm-none-eabi/12.2.1/../../../../arm-none-eabi/lib/thumb/v8-m.main+fp/hard/libcr_c.a(memset.o)
                0x000000000000aaa6                memset
 .text.free     0x000000000000aaaa       0x30 /usr/local/mcuxpressoide-11.8.1_1197/ide/plugins/com.nxp.mcuxpresso.tools.linux_11.8.1.202308071233/tools/bin/../lib/gcc/arm-none-eabi/12.2.1/../../../../arm-none-eabi/lib/thumb/v8-m.main+fp/hard/libcr_c.a(alloc.o)
                0x000000000000aaaa                free
 .text.fp_round
                0x000000000000aada       0x4c /usr/local/mcuxpressoide-11.8.1_1197/ide/plugins/com.nxp.mcuxpresso.tools.linux_11.8.1.202308071233/tools/bin/../lib/gcc/arm-none-eabi/12.2.1/../../../../arm-none-eabi/lib/thumb/v8-m.main+fp/hard/libcr_c.a(fpprintf.o)
 .text.pr_dec.constprop.0
                0x000000000000ab26       0x24 /usr/local/mcuxpressoide-11.8.1_1197/ide/plugins/com.nxp.mcuxpresso.tools.linux_11.8.1.202308071233/tools/bin/../lib/gcc/arm-none-eabi/12.2.1/../../../../arm-none-eabi/lib/thumb/v8-m.main+fp/hard/libcr_c.a(fpprintf.o)
 .text.setvbuf  0x000000000000ab4a       0x3e /usr/local/mcuxpressoide-11.8.1_1197/ide/plugins/com.nxp.mcuxpresso.tools.linux_11.8.1.202308071233/tools/bin/../lib/gcc/arm-none-eabi/12.2.1/../../../../arm-none-eabi/lib/thumb/v8-m.main+fp/hard/libcr_c.a(setvbuf.o)
                0x000000000000ab4a                setvbuf
 .text.strcmp   0x000000000000ab88       0x44 /usr/local/mcuxpressoide-11.8.1_1197/ide/plugins/com.nxp.mcuxpresso.tools.linux_11.8.1.202308071233/tools/bin/../lib/gcc/arm-none-eabi/12.2.1/../../../../arm-none-eabi/lib/thumb/v8-m.main+fp/hard/libcr_c.a(strcmp.o)
                0x000000000000ab88                strcmp
 .text.strcpy   0x000000000000abcc       0x42 /usr/local/mcuxpressoide-11.8.1_1197/ide/plugins/com.nxp.mcuxpresso.tools.linux_11.8.1.202308071233/tools/bin/../lib/gcc/arm-none-eabi/12.2.1/../../../../arm-none-eabi/lib/thumb/v8-m.main+fp/hard/libcr_c.a(strcpy.o)
                0x000000000000abcc                strcpy
 .text.strlen   0x000000000000ac0e       0x4e /usr/local/mcuxpressoide-11.8.1_1197/ide/plugins/com.nxp.mcuxpresso.tools.linux_11.8.1.202308071233/tools/bin/../lib/gcc/arm-none-eabi/12.2.1/../../../../arm-none-eabi/lib/thumb/v8-m.main+fp/hard/libcr_c.a(strlen.o)
                0x000000000000ac0e                strlen
 .text.strncmp  0x000000000000ac5c       0x54 /usr/local/mcuxpressoide-11.8.1_1197/ide/plugins/com.nxp.mcuxpresso.tools.linux_11.8.1.202308071233/tools/bin/../lib/gcc/arm-none-eabi/12.2.1/../../../../arm-none-eabi/lib/thumb/v8-m.main+fp/hard/libcr_c.a(strncmp.o)
                0x000000000000ac5c                strncmp
 .text._deferredlazyseek
                0x000000000000acb0       0x40 /usr/local/mcuxpressoide-11.8.1_1197/ide/plugins/com.nxp.mcuxpresso.tools.linux_11.8.1.202308071233/tools/bin/../lib/gcc/arm-none-eabi/12.2.1/../../../../arm-none-eabi/lib/thumb/v8-m.main+fp/hard/libcr_c.a(_deferredlazyseek.o)
                0x000000000000acb0                _deferredlazyseek
 .text.__flsbuf
                0x000000000000acf0      0x140 /usr/local/mcuxpressoide-11.8.1_1197/ide/plugins/com.nxp.mcuxpresso.tools.linux_11.8.1.202308071233/tools/bin/../lib/gcc/arm-none-eabi/12.2.1/../../../../arm-none-eabi/lib/thumb/v8-m.main+fp/hard/libcr_c.a(_deferredlazyseek.o)
                0x000000000000acf0                __flsbuf
 .text._fdopen  0x000000000000ae30       0x68 /usr/local/mcuxpressoide-11.8.1_1197/ide/plugins/com.nxp.mcuxpresso.tools.linux_11.8.1.202308071233/tools/bin/../lib/gcc/arm-none-eabi/12.2.1/../../../../arm-none-eabi/lib/thumb/v8-m.main+fp/hard/libcr_c.a(_fdopen.o)
                0x000000000000ae30                _fdopen
 .text._fflush  0x000000000000ae98       0x52 /usr/local/mcuxpressoide-11.8.1_1197/ide/plugins/com.nxp.mcuxpresso.tools.linux_11.8.1.202308071233/tools/bin/../lib/gcc/arm-none-eabi/12.2.1/../../../../arm-none-eabi/lib/thumb/v8-m.main+fp/hard/libcr_c.a(_fflush.o)
                0x000000000000ae98                _fflush
 .text.fclose   0x000000000000aeea       0x58 /usr/local/mcuxpressoide-11.8.1_1197/ide/plugins/com.nxp.mcuxpresso.tools.linux_11.8.1.202308071233/tools/bin/../lib/gcc/arm-none-eabi/12.2.1/../../../../arm-none-eabi/lib/thumb/v8-m.main+fp/hard/libcr_c.a(fclose.o)
                0x000000000000aeea                fclose
 .text.remove   0x000000000000af42       0x14 /usr/local/mcuxpressoide-11.8.1_1197/ide/plugins/com.nxp.mcuxpresso.tools.linux_11.8.1.202308071233/tools/bin/../lib/gcc/arm-none-eabi/12.2.1/../../../../arm-none-eabi/lib/thumb/v8-m.main+fp/hard/libcr_c.a(remove.o)
                0x000000000000af42                remove
 .text._do_fflush
                0x000000000000af56       0x40 /usr/local/mcuxpressoide-11.8.1_1197/ide/plugins/com.nxp.mcuxpresso.tools.linux_11.8.1.202308071233/tools/bin/../lib/gcc/arm-none-eabi/12.2.1/../../../../arm-none-eabi/lib/thumb/v8-m.main+fp/hard/libcr_c.a(_do_fflush.o)
                0x000000000000af56                _do_fflush
 .text.__aeabi_division_uldivmod
                0x000000000000af96      0x174 /usr/local/mcuxpressoide-11.8.1_1197/ide/plugins/com.nxp.mcuxpresso.tools.linux_11.8.1.202308071233/tools/bin/../lib/gcc/arm-none-eabi/12.2.1/thumb/v8-m.main+fp/hard/libcr_eabihelpers.a(division_64.o)
                0x000000000000af96                __aeabi_uldivmod
                0x000000000000af9a                __bhs_ldivmod1
 .text.__aeabi_division_idiv0
                0x000000000000b10a        0x2 /usr/local/mcuxpressoide-11.8.1_1197/ide/plugins/com.nxp.mcuxpresso.tools.linux_11.8.1.202308071233/tools/bin/../lib/gcc/arm-none-eabi/12.2.1/thumb/v8-m.main+fp/hard/libcr_eabihelpers.a(division_idiv0.o)
                0x000000000000b10a                __aeabi_idiv0
 .text.__aeabi_d2iz
                0x000000000000b10c       0x42 /usr/local/mcuxpressoide-11.8.1_1197/ide/plugins/com.nxp.mcuxpresso.tools.linux_11.8.1.202308071233/tools/bin/../lib/gcc/arm-none-eabi/12.2.1/thumb/v8-m.main+fp/hard/libcr_eabihelpers.a(double.o)
                0x000000000000b10c                __aeabi_d2iz
 .text.__aeabi_d2lz
                0x000000000000b14e       0x8a /usr/local/mcuxpressoide-11.8.1_1197/ide/plugins/com.nxp.mcuxpresso.tools.linux_11.8.1.202308071233/tools/bin/../lib/gcc/arm-none-eabi/12.2.1/thumb/v8-m.main+fp/hard/libcr_eabihelpers.a(double.o)
                0x000000000000b14e                __aeabi_d2lz
 .text.__bhs_ui2d
                0x000000000000b1d8       0x46 /usr/local/mcuxpressoide-11.8.1_1197/ide/plugins/com.nxp.mcuxpresso.tools.linux_11.8.1.202308071233/tools/bin/../lib/gcc/arm-none-eabi/12.2.1/thumb/v8-m.main+fp/hard/libcr_eabihelpers.a(double.o)
                0x000000000000b1d8                __bhs_ui2d
 .text.__bhs_ul2d
                0x000000000000b21e       0x8a /usr/local/mcuxpressoide-11.8.1_1197/ide/plugins/com.nxp.mcuxpresso.tools.linux_11.8.1.202308071233/tools/bin/../lib/gcc/arm-none-eabi/12.2.1/thumb/v8-m.main+fp/hard/libcr_eabihelpers.a(double.o)
                0x000000000000b21e                __bhs_ul2d
 .text.__aeabi_i2d
                0x000000000000b2a8       0x10 /usr/local/mcuxpressoide-11.8.1_1197/ide/plugins/com.nxp.mcuxpresso.tools.linux_11.8.1.202308071233/tools/bin/../lib/gcc/arm-none-eabi/12.2.1/thumb/v8-m.main+fp/hard/libcr_eabihelpers.a(double.o)
                0x000000000000b2a8                __aeabi_i2d
 .text.__aeabi_ui2d
                0x000000000000b2b8        0x8 /usr/local/mcuxpressoide-11.8.1_1197/ide/plugins/com.nxp.mcuxpresso.tools.linux_11.8.1.202308071233/tools/bin/../lib/gcc/arm-none-eabi/12.2.1/thumb/v8-m.main+fp/hard/libcr_eabihelpers.a(double.o)
                0x000000000000b2b8                __aeabi_ui2d
 .text.__aeabi_l2d
                0x000000000000b2c0       0x1c /usr/local/mcuxpressoide-11.8.1_1197/ide/plugins/com.nxp.mcuxpresso.tools.linux_11.8.1.202308071233/tools/bin/../lib/gcc/arm-none-eabi/12.2.1/thumb/v8-m.main+fp/hard/libcr_eabihelpers.a(double.o)
                0x000000000000b2c0                __aeabi_l2d
 .text.__aeabi_dcmpeq
                0x000000000000b2dc       0x3e /usr/local/mcuxpressoide-11.8.1_1197/ide/plugins/com.nxp.mcuxpresso.tools.linux_11.8.1.202308071233/tools/bin/../lib/gcc/arm-none-eabi/12.2.1/thumb/v8-m.main+fp/hard/libcr_eabihelpers.a(double.o)
                0x000000000000b2dc                __aeabi_dcmpeq
 .text.__aeabi_dcmplt
                0x000000000000b31a       0x5a /usr/local/mcuxpressoide-11.8.1_1197/ide/plugins/com.nxp.mcuxpresso.tools.linux_11.8.1.202308071233/tools/bin/../lib/gcc/arm-none-eabi/12.2.1/thumb/v8-m.main+fp/hard/libcr_eabihelpers.a(double.o)
                0x000000000000b31a                __aeabi_dcmplt
 .text.__aeabi_dcmpgt
                0x000000000000b374       0x56 /usr/local/mcuxpressoide-11.8.1_1197/ide/plugins/com.nxp.mcuxpresso.tools.linux_11.8.1.202308071233/tools/bin/../lib/gcc/arm-none-eabi/12.2.1/thumb/v8-m.main+fp/hard/libcr_eabihelpers.a(double.o)
                0x000000000000b374                __aeabi_dcmpgt
 .text.__aeabi_dcmple
                0x000000000000b3ca       0x5a /usr/local/mcuxpressoide-11.8.1_1197/ide/plugins/com.nxp.mcuxpresso.tools.linux_11.8.1.202308071233/tools/bin/../lib/gcc/arm-none-eabi/12.2.1/thumb/v8-m.main+fp/hard/libcr_eabihelpers.a(double.o)
                0x000000000000b3ca                __aeabi_dcmple
 .text.__aeabi_dcmpge
                0x000000000000b424       0x5a /usr/local/mcuxpressoide-11.8.1_1197/ide/plugins/com.nxp.mcuxpresso.tools.linux_11.8.1.202308071233/tools/bin/../lib/gcc/arm-none-eabi/12.2.1/thumb/v8-m.main+fp/hard/libcr_eabihelpers.a(double.o)
                0x000000000000b424                __aeabi_dcmpge
 .text.__aeabi_memcpy
                0x000000000000b47e       0x34 /usr/local/mcuxpressoide-11.8.1_1197/ide/plugins/com.nxp.mcuxpresso.tools.linux_11.8.1.202308071233/tools/bin/../lib/gcc/arm-none-eabi/12.2.1/thumb/v8-m.main+fp/hard/libcr_eabihelpers.a(memcpy.o)
                0x000000000000b47e                __aeabi_memcpy
                0x000000000000b488                __aeabi_memcpy4
                0x000000000000b488                __aeabi_memcpy8
 .text.__aeabi_memset_lowlevel
                0x000000000000b4b2       0x32 /usr/local/mcuxpressoide-11.8.1_1197/ide/plugins/com.nxp.mcuxpresso.tools.linux_11.8.1.202308071233/tools/bin/../lib/gcc/arm-none-eabi/12.2.1/thumb/v8-m.main+fp/hard/libcr_eabihelpers.a(memcpy.o)
                0x000000000000b4b2                __aeabi_lowlevel_memset
 .text.__sys_appexit
                0x000000000000b4e4        0x2 /usr/local/mcuxpressoide-11.8.1_1197/ide/plugins/com.nxp.mcuxpresso.tools.linux_11.8.1.202308071233/tools/bin/../lib/gcc/arm-none-eabi/12.2.1/../../../../arm-none-eabi/lib/thumb/v8-m.main+fp/hard/libcr_nohost_nf.a(__sys_appexit.o)
                0x000000000000b4e4                __exit
                0x000000000000b4e4                __sys_appexit
 .text.__sys_close
                0x000000000000b4e6        0x6 /usr/local/mcuxpressoide-11.8.1_1197/ide/plugins/com.nxp.mcuxpresso.tools.linux_11.8.1.202308071233/tools/bin/../lib/gcc/arm-none-eabi/12.2.1/../../../../arm-none-eabi/lib/thumb/v8-m.main+fp/hard/libcr_nohost_nf.a(__sys_close.o)
                0x000000000000b4e6                __sys_close
 .text.__sys_flen
                0x000000000000b4ec        0x6 /usr/local/mcuxpressoide-11.8.1_1197/ide/plugins/com.nxp.mcuxpresso.tools.linux_11.8.1.202308071233/tools/bin/../lib/gcc/arm-none-eabi/12.2.1/../../../../arm-none-eabi/lib/thumb/v8-m.main+fp/hard/libcr_nohost_nf.a(__sys_flen.o)
                0x000000000000b4ec                __sys_flen
 .text.__sys_istty
                0x000000000000b4f2        0x6 /usr/local/mcuxpressoide-11.8.1_1197/ide/plugins/com.nxp.mcuxpresso.tools.linux_11.8.1.202308071233/tools/bin/../lib/gcc/arm-none-eabi/12.2.1/../../../../arm-none-eabi/lib/thumb/v8-m.main+fp/hard/libcr_nohost_nf.a(__sys_istty.o)
                0x000000000000b4f2                __sys_istty
 .text.__sys_remove
                0x000000000000b4f8        0x6 /usr/local/mcuxpressoide-11.8.1_1197/ide/plugins/com.nxp.mcuxpresso.tools.linux_11.8.1.202308071233/tools/bin/../lib/gcc/arm-none-eabi/12.2.1/../../../../arm-none-eabi/lib/thumb/v8-m.main+fp/hard/libcr_nohost_nf.a(__sys_remove.o)
                0x000000000000b4f8                __sys_remove
 .text.__sys_seek
                0x000000000000b4fe        0x6 /usr/local/mcuxpressoide-11.8.1_1197/ide/plugins/com.nxp.mcuxpresso.tools.linux_11.8.1.202308071233/tools/bin/../lib/gcc/arm-none-eabi/12.2.1/../../../../arm-none-eabi/lib/thumb/v8-m.main+fp/hard/libcr_nohost_nf.a(__sys_seek.o)
                0x000000000000b4fe                __sys_seek
 .text.__sys_tmpnam
                0x000000000000b504        0x6 /usr/local/mcuxpressoide-11.8.1_1197/ide/plugins/com.nxp.mcuxpresso.tools.linux_11.8.1.202308071233/tools/bin/../lib/gcc/arm-none-eabi/12.2.1/../../../../arm-none-eabi/lib/thumb/v8-m.main+fp/hard/libcr_nohost_nf.a(__sys_tmpnam.o)
                0x000000000000b504                __sys_tmpnam
 .text.__sys_write
                0x000000000000b50a        0x4 /usr/local/mcuxpressoide-11.8.1_1197/ide/plugins/com.nxp.mcuxpresso.tools.linux_11.8.1.202308071233/tools/bin/../lib/gcc/arm-none-eabi/12.2.1/../../../../arm-none-eabi/lib/thumb/v8-m.main+fp/hard/libcr_nohost_nf.a(__sys_write.o)
                0x000000000000b50a                __sys_write
 *freertos*/tasks.o(SORT_BY_ALIGNMENT(.rodata*))
 *fill*         0x000000000000b50e        0x2 ff
 .rodata.vTaskStartScheduler.str1.4
                0x000000000000b510        0x5 ./freertos/freertos-kernel/tasks.o
 *(SORT_BY_ALIGNMENT(.rodata) SORT_BY_ALIGNMENT(.rodata.*) SORT_BY_ALIGNMENT(.constdata) SORT_BY_ALIGNMENT(.constdata.*))
 *fill*         0x000000000000b515        0x3 ff
 .rodata.a2.0   0x000000000000b518       0x40 /usr/local/mcuxpressoide-11.8.1_1197/ide/plugins/com.nxp.mcuxpresso.tools.linux_11.8.1.202308071233/tools/bin/../lib/gcc/arm-none-eabi/12.2.1/../../../../arm-none-eabi/lib/thumb/v8-m.main+fp/hard/libcr_c.a(pow.o)
 .rodata.a1.1   0x000000000000b558       0x88 /usr/local/mcuxpressoide-11.8.1_1197/ide/plugins/com.nxp.mcuxpresso.tools.linux_11.8.1.202308071233/tools/bin/../lib/gcc/arm-none-eabi/12.2.1/../../../../arm-none-eabi/lib/thumb/v8-m.main+fp/hard/libcr_c.a(pow.o)
 .rodata.__assertion_failed.str1.4
                0x000000000000b5e0       0x14 ./utilities/fsl_assert.o
 .rodata.main_task.str1.4
                0x000000000000b5f4      0x105 ./source/sch_embedded_controller.o
 *fill*         0x000000000000b6f9        0x3 ff
 .rodata.main.str1.4
                0x000000000000b6fc       0x25 ./source/sch_embedded_controller.o
 *fill*         0x000000000000b721        0x3 ff
 .rodata.wlan_get_state.str1.4
                0x000000000000b724       0x27 ./source/wlan_mwm.o
 *fill*         0x000000000000b74b        0x1 ff
 .rodata.wlan_state.str1.4
                0x000000000000b74c      0x233 ./source/wlan_mwm.o
                                        0x23b (size before relaxing)
 *fill*         0x000000000000b97f        0x1 ff
 .rodata.wlan_scan.str1.4
                0x000000000000b980       0x7b ./source/wlan_mwm.o
                                         0x7f (size before relaxing)
 *fill*         0x000000000000b9fb        0x1 ff
 .rodata.wlan_disconnect.str1.4
                0x000000000000b9fc       0x5c ./source/wlan_mwm.o
 .rodata.wlan_reboot.str1.4
                0x000000000000ba58       0x3c ./source/wlan_mwm.o
                                         0x7c (size before relaxing)
 .rodata.wlan_config.str1.4
                0x000000000000ba94       0x6b ./source/wlan_mwm.o
 *fill*         0x000000000000baff        0x1 ff
 .rodata.http_POST.str1.4
                0x000000000000bb00      0x114 ./source/wlan_mwm.o
 .rodata.http_GET.str1.4
                0x000000000000bc14       0x25 ./source/wlan_mwm.o
 *fill*         0x000000000000bc39        0x3 ff
 .rodata.xTimerCreateTimerTask.str1.4
                0x000000000000bc3c        0x8 ./freertos/freertos-kernel/timers.o
 .rodata.prvCheckForValidListAndQueue.str1.4
                0x000000000000bc44        0x5 ./freertos/freertos-kernel/timers.o
 *fill*         0x000000000000bc49        0x3 ff
 .rodata.CLOCK_GetFlexCommInputClock.str1.4
                0x000000000000bc4c       0x18 ./drivers/fsl_clock.o
 .rodata.SDK_DelayAtLeastUs.str1.4
                0x000000000000bc64       0x2b ./drivers/fsl_common_arm.o
 *fill*         0x000000000000bc8f        0x1 ff
 .rodata.s_flexcommBaseAddrs
                0x000000000000bc90       0x24 ./drivers/fsl_flexcomm.o
 .rodata.s_flexcommClocks
                0x000000000000bcb4       0x12 ./drivers/fsl_flexcomm.o
 *fill*         0x000000000000bcc6        0x2 ff
 .rodata.s_flexcommResets
                0x000000000000bcc8       0x24 ./drivers/fsl_flexcomm.o
 .rodata.FLEXCOMM_GetInstance.str1.4
                0x000000000000bcec       0x42 ./drivers/fsl_flexcomm.o
 *fill*         0x000000000000bd2e        0x2 ff
 .rodata.FLEXCOMM0_DriverIRQHandler.str1.4
                0x000000000000bd30       0x3c ./drivers/fsl_flexcomm.o
 .rodata.FLEXCOMM1_DriverIRQHandler.str1.4
                0x000000000000bd6c       0x3c ./drivers/fsl_flexcomm.o
 .rodata.FLEXCOMM2_DriverIRQHandler.str1.4
                0x000000000000bda8       0x3c ./drivers/fsl_flexcomm.o
 .rodata.FLEXCOMM3_DriverIRQHandler.str1.4
                0x000000000000bde4       0x3c ./drivers/fsl_flexcomm.o
 .rodata.FLEXCOMM4_DriverIRQHandler.str1.4
                0x000000000000be20       0x3c ./drivers/fsl_flexcomm.o
 .rodata.FLEXCOMM5_DriverIRQHandler.str1.4
                0x000000000000be5c       0x3c ./drivers/fsl_flexcomm.o
 .rodata.FLEXCOMM6_DriverIRQHandler.str1.4
                0x000000000000be98       0x3c ./drivers/fsl_flexcomm.o
 .rodata.FLEXCOMM7_DriverIRQHandler.str1.4
                0x000000000000bed4       0x3c ./drivers/fsl_flexcomm.o
 .rodata.FLEXCOMM8_DriverIRQHandler.str1.4
                0x000000000000bf10       0x3c ./drivers/fsl_flexcomm.o
 .rodata.RESET_SetPeripheralReset.str1.4
                0x000000000000bf4c       0x1e ./drivers/fsl_reset.o
 *fill*         0x000000000000bf6a        0x2 ff
 .rodata.RESET_ClearPeripheralReset.str1.4
                0x000000000000bf6c       0x1e ./drivers/fsl_reset.o
 *fill*         0x000000000000bf8a        0x2 ff
 .rodata.s_usartIRQ
                0x000000000000bf8c        0x8 ./drivers/fsl_usart.o
 .rodata.s_usartBaseAddrs
                0x000000000000bf94       0x20 ./drivers/fsl_usart.o
 .rodata.USART_GetInstance.str1.4
                0x000000000000bfb4       0x3b ./drivers/fsl_usart.o
 *fill*         0x000000000000bfef        0x1 ff
 .rodata.USART_TransferGetRxRingBufferLength.str1.4
                0x000000000000bff0       0x20 ./drivers/fsl_usart.o
 .rodata.USART_TransferIsRxRingBufferFull.str1.4
                0x000000000000c010       0x21 ./drivers/fsl_usart.o
 *fill*         0x000000000000c031        0x3 ff
 .rodata.USART_TransferStartRingBuffer.str1.4
                0x000000000000c034       0x69 ./drivers/fsl_usart.o
 *fill*         0x000000000000c09d        0x3 ff
 .rodata.USART_Init.str1.4
                0x000000000000c0a0       0x4f ./drivers/fsl_usart.o
 *fill*         0x000000000000c0ef        0x1 ff
 .rodata.USART_Deinit.str1.4
                0x000000000000c0f0       0x1f ./drivers/fsl_usart.o
 *fill*         0x000000000000c10f        0x1 ff
 .rodata.USART_GetDefaultConfig.str1.4
                0x000000000000c110       0x21 ./drivers/fsl_usart.o
 *fill*         0x000000000000c131        0x3 ff
 .rodata.USART_SetBaudRate.str1.4
                0x000000000000c134       0x53 ./drivers/fsl_usart.o
 *fill*         0x000000000000c187        0x1 ff
 .rodata.USART_WriteBlocking.str1.4
                0x000000000000c188       0x36 ./drivers/fsl_usart.o
 *fill*         0x000000000000c1be        0x2 ff
 .rodata.USART_TransferCreateHandle.str1.4
                0x000000000000c1c0       0x38 ./drivers/fsl_usart.o
 .rodata.USART_TransferSendNonBlocking.str1.4
                0x000000000000c1f8       0x92 ./drivers/fsl_usart.o
 *fill*         0x000000000000c28a        0x2 ff
 .rodata.USART_TransferReceiveNonBlocking.str1.4
                0x000000000000c28c       0x92 ./drivers/fsl_usart.o
 *fill*         0x000000000000c31e        0x2 ff
 .rodata.USART_TransferAbortReceive.str1.4
                0x000000000000c320       0x22 ./drivers/fsl_usart.o
 *fill*         0x000000000000c342        0x2 ff
 .rodata.USART_TransferHandleIRQ.str1.4
                0x000000000000c344       0x36 ./drivers/fsl_usart.o
 *fill*         0x000000000000c37a        0x2 ff
 .rodata.s_UsartAdapterBase
                0x000000000000c37c       0x20 ./component/uart/fsl_adapter_usart.o
 .rodata.HAL_UartInitCommon.str1.4
                0x000000000000c39c       0xeb ./component/uart/fsl_adapter_usart.o
 *fill*         0x000000000000c487        0x1 ff
 .rodata.HAL_UartSendBlocking.str1.4
                0x000000000000c488       0x65 ./component/uart/fsl_adapter_usart.o
 *fill*         0x000000000000c4ed        0x3 ff
 .rodata.read_errno.str1.4
                0x000000000000c4f0        0x7 ./component/serial_mwm/serial_mwm.o
 *fill*         0x000000000000c4f7        0x1 ff
 .rodata.mwm_upgrade.str1.4
                0x000000000000c4f8       0x2c ./component/serial_mwm/serial_mwm.o
 .rodata.mwm_reboot.str1.4
                0x000000000000c524        0xd ./component/serial_mwm/serial_mwm.o
 *fill*         0x000000000000c531        0x3 ff
 .rodata.mwm_wlan_start.str1.4
                0x000000000000c534        0xb ./component/serial_mwm/serial_mwm.o
 *fill*         0x000000000000c53f        0x1 ff
 .rodata.mwm_wlan_status.str1.4
                0x000000000000c540       0x21 ./component/serial_mwm/serial_mwm.o
 *fill*         0x000000000000c561        0x3 ff
 .rodata.mwm_wlan_info.str1.4
                0x000000000000c564       0x18 ./component/serial_mwm/serial_mwm.o
 .rodata.mwm_get_param.str1.4
                0x000000000000c57c       0x10 ./component/serial_mwm/serial_mwm.o
                                         0x12 (size before relaxing)
 .rodata.mwm_set_param.str1.4
                0x000000000000c58c       0x13 ./component/serial_mwm/serial_mwm.o
 *fill*         0x000000000000c59f        0x1 ff
 .rodata.mwm_socket.str1.4
                0x000000000000c5a0       0x17 ./component/serial_mwm/serial_mwm.o
 *fill*         0x000000000000c5b7        0x1 ff
 .rodata.mwm_connect.str1.4
                0x000000000000c5b8       0x13 ./component/serial_mwm/serial_mwm.o
 *fill*         0x000000000000c5cb        0x1 ff
 .rodata.mwm_recv_timeout.str1.4
                0x000000000000c5cc       0x21 ./component/serial_mwm/serial_mwm.o
 *fill*         0x000000000000c5ed        0x3 ff
 .rodata.mwm_send.str1.4
                0x000000000000c5f0       0x11 ./component/serial_mwm/serial_mwm.o
 *fill*         0x000000000000c601        0x3 ff
 .rodata.mwm_close.str1.4
                0x000000000000c604        0xf ./component/serial_mwm/serial_mwm.o
 *fill*         0x000000000000c613        0x1 ff
 .rodata.__num_Ciob_streams
                0x000000000000c614        0x4 /usr/local/mcuxpressoide-11.8.1_1197/ide/plugins/com.nxp.mcuxpresso.tools.linux_11.8.1.202308071233/tools/bin/../lib/gcc/arm-none-eabi/12.2.1/../../../../arm-none-eabi/lib/thumb/v8-m.main+fp/hard/libcr_nohost_nf.a(__ciob.o)
                0x000000000000c614                __num_Ciob_streams
 .rodata._Csys_alloc.str1.1
                0x000000000000c618       0x18 /usr/local/mcuxpressoide-11.8.1_1197/ide/plugins/com.nxp.mcuxpresso.tools.linux_11.8.1.202308071233/tools/bin/../lib/gcc/arm-none-eabi/12.2.1/../../../../arm-none-eabi/lib/thumb/v8-m.main+fp/hard/libcr_c.a(alloc.o)
 .rodata.fp_display.str1.1
                0x000000000000c630       0x34 /usr/local/mcuxpressoide-11.8.1_1197/ide/plugins/com.nxp.mcuxpresso.tools.linux_11.8.1.202308071233/tools/bin/../lib/gcc/arm-none-eabi/12.2.1/../../../../arm-none-eabi/lib/thumb/v8-m.main+fp/hard/libcr_c.a(fpprintf.o)
                                         0x35 (size before relaxing)
 .rodata._initio.str1.1
                0x000000000000c664        0x4 /usr/local/mcuxpressoide-11.8.1_1197/ide/plugins/com.nxp.mcuxpresso.tools.linux_11.8.1.202308071233/tools/bin/../lib/gcc/arm-none-eabi/12.2.1/../../../../arm-none-eabi/lib/thumb/v8-m.main+fp/hard/libcr_c.a(initio.o)
 .rodata.__vfprintf.str1.1
                0x000000000000c668       0x31 /usr/local/mcuxpressoide-11.8.1_1197/ide/plugins/com.nxp.mcuxpresso.tools.linux_11.8.1.202308071233/tools/bin/../lib/gcc/arm-none-eabi/12.2.1/../../../../arm-none-eabi/lib/thumb/v8-m.main+fp/hard/libcr_c.a(printf.o)
                                         0x38 (size before relaxing)
 .rodata.__ctype
                0x000000000000c699      0x180 /usr/local/mcuxpressoide-11.8.1_1197/ide/plugins/com.nxp.mcuxpresso.tools.linux_11.8.1.202308071233/tools/bin/../lib/gcc/arm-none-eabi/12.2.1/../../../../arm-none-eabi/lib/thumb/v8-m.main+fp/hard/libcr_c.a(ctype.o)
                0x000000000000c699                __ctype
                0x000000000000c81c                . = ALIGN (0x4)
 *fill*         0x000000000000c819        0x3 ff
