../component/serial_mwm/serial_mwm.c:38:5:mwm_init	8	static
../component/serial_mwm/serial_mwm.c:59:12:mwm_tx_data	32	static
../component/serial_mwm/serial_mwm.c:111:12:read_string_max	32	static
../component/serial_mwm/serial_mwm.c:137:12:read_int	24	static
../component/serial_mwm/serial_mwm.c:153:12:read_string	24	static
../component/serial_mwm/serial_mwm.c:174:12:read_end	16	static
../component/serial_mwm/serial_mwm.c:195:12:read_end2	16	static
../component/serial_mwm/serial_mwm.c:214:12:read_errno	24	static
../component/serial_mwm/serial_mwm.c:238:12:read_whole_response	40	static
../component/serial_mwm/serial_mwm.c:284:12:find_val	40	static
../component/serial_mwm/serial_mwm.c:324:12:mwm_cmd	32	static
../component/serial_mwm/serial_mwm.c:358:5:mwm_version	24	static
../component/serial_mwm/serial_mwm.c:384:5:mwm_upgrade	40	static
../component/serial_mwm/serial_mwm.c:452:5:mwm_reboot	16	static
../component/serial_mwm/serial_mwm.c:479:5:mwm_wlan_fw_version	24	static
../component/serial_mwm/serial_mwm.c:505:5:mwm_wlan_start	16	static
../component/serial_mwm/serial_mwm.c:520:5:mwm_wlan_status	24	static
../component/serial_mwm/serial_mwm.c:577:5:mwm_wlan_prov	16	static
../component/serial_mwm/serial_mwm.c:592:5:mwm_wlan_info	32	static
../component/serial_mwm/serial_mwm.c:648:5:mwm_wlan_scan	48	static
../component/serial_mwm/serial_mwm.c:750:5:mwm_wlan_connect	16	static
../component/serial_mwm/serial_mwm.c:765:5:mwm_wlan_disconnect	16	static
../component/serial_mwm/serial_mwm.c:780:5:mwm_get_param	40	static
../component/serial_mwm/serial_mwm.c:817:5:mwm_set_param	40	static
../component/serial_mwm/serial_mwm.c:845:5:mwm_socket	48	static
../component/serial_mwm/serial_mwm.c:892:5:mwm_connect	40	static
../component/serial_mwm/serial_mwm.c:913:5:mwm_recv_timeout	40	static
../component/serial_mwm/serial_mwm.c:958:5:mwm_recvfrom_timeout	40	static
../component/serial_mwm/serial_mwm.c:1017:5:mwm_send	40	static
../component/serial_mwm/serial_mwm.c:1068:5:mwm_sendto	48	static
../component/serial_mwm/serial_mwm.c:1120:5:mwm_close	24	static
